Microchip MPLAB XC8 Compiler V1.45 ()

Linker command line:

-W9 --edf=C:\Program Files (x86)\Microchip\xc8\v1.45\dat\en_msgs.txt -cs \
  -h+dist/default/production\midi_transmit_18F4680_2_octave_v1.1a.production.sym \
  --cmf=dist/default/production\midi_transmit_18F4680_2_octave_v1.1a.production.cmf \
  -z -Q18F4680 -oC:\Users\Bill\AppData\Local\Temp\s5fg.2 \
  -Mdist/default/production/midi_transmit_18F4680_2_octave_v1.1a.production.map \
  -E1 -ver=XC8 --acfsm=1493 -ASTACK=0389h-0cffh -pstack=STACK \
  -ACODE=00h-0FFFFh -ACONST=00h-0FFFFh -ASMALLCONST=0D00h-0DFFhx243 \
  -AMEDIUMCONST=0D00h-0FFFFh -ACOMRAM=01h-05Fh -AABS1=00h-0CFFh \
  -ABIGRAM=01h-0CFFh -ARAM=060h-0FFh,0100h-01FFhx12 -ABANK0=060h-0FFh \
  -ABANK1=0100h-01FFh -ABANK2=0200h-02FFh -ABANK3=0300h-03FFh \
  -ABANK4=0400h-04FFh -ABANK5=0500h-05FFh -ABANK6=0600h-06FFh \
  -ABANK7=0700h-07FFh -ABANK8=0800h-08FFh -ABANK9=0900h-09FFh \
  -ABANK10=0A00h-0AFFh -ABANK11=0B00h-0BFFh -ABANK12=0C00h-0CFFh \
  -ASFR=0D00h-0DFFhx2,0F00h-0F5Fh,0F60h-0FFFh \
  -preset_vec=00h,intcode=08h,intcodelo,powerup,init -pramtop=0D00h \
  -psmallconst=SMALLCONST -pmediumconst=MEDIUMCONST -pconst=CONST \
  -AFARRAM=00h-00h -ACONFIG=0300000h-030000Dh -pconfig=CONFIG \
  -AIDLOC=0200000h-0200007h -pidloc=IDLOC -AEEDATA=0F00000h-0F003FFh \
  -peeprom_data=EEDATA \
  -prdata=COMRAM,nvrram=COMRAM,nvbit=COMRAM,rbss=COMRAM,rbit=COMRAM \
  -pfarbss=FARRAM,fardata=FARRAM,nvFARRAM=FARRAM \
  -pintsave_regs=BIGRAM,bigbss=BIGRAM,bigdata=BIGRAM -pbss=RAM \
  -pidata=CODE,irdata=CODE,ibigdata=CODE,ifardata=CODE -prparam=COMRAM \
  C:\Users\Bill\AppData\Local\Temp\s5fg.obj \
  dist/default/production\midi_transmit_18F4680_2_octave_v1.1a.production.obj 

Object code version is 3.11

Machine type is 18F4680

Call graph: (short form)




                Name                               Link     Load   Length Selector   Space Scale
C:\Users\Bill\AppData\Local\Temp\s5fg.obj
                stack                               389      389      977      389       2
                init                                  C        C        8        4       0
                reset_vec                             0        0        4        0       0
                idloc                            200000   200000        8   200000       0
                config                           300000   300000        E   300000       0
dist/default/production\midi_transmit_18F4680_2_octave_v1.1a.production.obj
                eeprom_data                      F00000   F00000        8   F00000       0
                intcode                               8        8        4        4       0
                temp                                 3F       3F        C        1       1
                mediumconst                        E8C2     E8C2     173E     7461       0
                text146                            3982     3982      2B8        4       0
                text145                            65CE     65CE      10C        4       0
                text144                            996E     996E       18     4CAB       0
                text143                            8670     8670       80        4       0
                text142                            64B6     64B6      118        4       0
                text141                            1198     1198      700        4       0
                intcode_body                       539A     539A      1AA        4       0
                text139                            99B0     99B0       14     4CAB       0
                text138                            977E     977E       30     486C       0
                text137                            987C     987C       26     486C       0
                text136                            8350     8350       8C        4       0
                text135                            971C     971C       32     486C       0
                text134                            85F0     85F0       80        4       0
                text133                            9854     9854       28     486C       0
                text132                            4DE6     4DE6      202        4       0
                text131                            9922     9922       1A     486C       0
                text130                            99F4     99F4        6     4CF4       0
                text129                            94D8     94D8       42     486C       0
                text128                            4FE8     4FE8      1F4        4       0
                text127                            936E     936E       4A     486C       0
                text126                            856C     856C       84        4       0
                text125                            84E8     84E8       84        4       0
                text124                            8FBA     8FBA       62     4714       0
                text123                            982C     982C       28     486C       0
                text122                            9804     9804       28     486C       0
                text121                            967C     967C       38     486C       0
                text120                            3336     3336      33E        4       0
                text119                            2FE4     2FE4      352        4       0
                text118                            974E     974E       30     486C       0
                text117                            6F78     6F78       DE        4       0
                text116                            5FE4     5FE4      154        4       0
                text115                            747C     747C       CE        4       0
                text114                            754A     754A       C6        4       0
                text113                            66DA     66DA      106        4       0
                text112                            82C2     82C2       8E        4       0
                text111                            6CC8     6CC8       EE        4       0
                text110                            6DB6     6DB6       E4        4       0
                text109                            9490     9490       48     486C       0
                text108                            5D16     5D16      168        4       0
                text107                            918E     918E       58     486C       0
                text106                            9448     9448       48     486C       0
                text105                            419E     419E      2A8        4       0
                text104                             A30      A30      768        4       0
                text103                            9400     9400       48     486C       0
                text102                            99EE     99EE        6     4CF4       0
                text101                            99E8     99E8        6     4CF4       0
                text100                            86F0     86F0       7C        4       0
                text99                             999C     999C       14     4CAB       0
                text98                             97DA     97DA       2A     486C       0
                text97                             4446     4446      2A6        4       0
                text96                             96E8     96E8       34     486C       0
                text95                             91E6     91E6       54     486C       0
                text94                             1DB2     1DB2      506        4       0
                text93                             88DA     88DA       78        4       0
                text92                             69E4     69E4       FE        4       0
                text91                             9558     9558       3C     486C       0
                text90                             96B4     96B4       34     486C       0
                text89                             951A     951A       3E     486C       0
                text88                             8F58     8F58       62     4714       0
                text87                             68E4     68E4      100        4       0
                text86                             83DC     83DC       88        4       0
                text85                             8B98     8B98       72        4       0
                text84                             78F4     78F4       AE        4       0
                text83                             8AB2     8AB2       74        4       0
                text82                             9904     9904       1E     486C       0
                text81                             8B26     8B26       72        4       0
                text80                             5870     5870      192        4       0
                text79                             5B92     5B92      184        4       0
                text78                             67E0     67E0      104        4       0
                text77                             1898     1898      51A        4       0
                text76                             56DE     56DE      192        4       0
                text75                             494E     494E      260        4       0
                text74                             5A02     5A02      190        4       0
                text73                             46EC     46EC      262        4       0
                text72                             27AE     27AE      434        4       0
                text71                             2BE2     2BE2      402        4       0
                text70                             5544     5544      19A        4       0
                text69                             3EF0     3EF0      2AE        4       0
                text68                             8D52     8D52       6C        4       0
                text67                             98E4     98E4       20     486C       0
                text66                             51DC     51DC      1BE        4       0
                text65                             3674     3674      30E        4       0
                text64                             923A     923A       52     486C       0
                text63                               14       14      A1C        4       0
                text62                             9956     9956       18     4CAB       0
                text61                             72D8     72D8       D6        4       0
                text60                             7202     7202       D6        4       0
                text59                             712C     712C       D6        4       0
                text58                             73AE     73AE       CE        4       0
                text57                             8860     8860       7A        4       0
                text56                             8234     8234       8E        4       0
                text55                             6138     6138      132        4       0
                text54                             7610     7610       C4        4       0
                text53                             6390     6390      126        4       0
                text52                             626A     626A      126        4       0
                text51                             8082     8082       92        4       0
                text50                             97AE     97AE       2C     486C       0
                text49                             8464     8464       84        4       0
                text48                             3C3A     3C3A      2B6        4       0
                text47                             9324     9324       4A     486C       0
                text46                             901C     901C       5E     4714       0
                text45                             22B8     22B8      4F6        4       0
                text44                             89C8     89C8       76        4       0
                text43                             87E6     87E6       7A        4       0
                text42                             876C     876C       7A        4       0
                text41                             81A4     81A4       90        4       0
                text40                             92D8     92D8       4C     486C       0
                text39                             928C     928C       4C     486C       0
                text38                             8CE6     8CE6       6C        4       0
                text37                             93B8     93B8       48     486C       0
                text36                             8E8E     8E8E       66     4714       0
                text35                             9642     9642       3A     486C       0
                text34                             9608     9608       3A     486C       0
                text33                             7E16     7E16       A0        4       0
                text32                             95CE     95CE       3A     486C       0
                text31                             5E7E     5E7E      166        4       0
                text30                             4BAE     4BAE      238        4       0
                text29                             7D76     7D76       A0        4       0
                text28                             90D8     90D8       5C     486C       0
                text27                             9594     9594       3A     486C       0
                text26                             7F52     7F52       9A        4       0
                text25                             8114     8114       90        4       0
                text24                             7056     7056       D6        4       0
                text23                             8E28     8E28       66     4714       0
                text22                             9134     9134       5A     486C       0
                text21                             7794     7794       B2        4       0
                text20                             7A4C     7A4C       AA        4       0
                text19                             7EB6     7EB6       9C        4       0
                text18                             79A2     79A2       AA        4       0
                text17                             8C78     8C78       6E        4       0
                text16                             7846     7846       AE        4       0
                text15                             8952     8952       76        4       0
                text14                             8EF4     8EF4       64     4714       0
                text13                             8C0A     8C0A       6E        4       0
                text12                             7CD6     7CD6       A0        4       0
                text11                             7C36     7C36       A0        4       0
                text10                             7B96     7B96       A0        4       0
                text9                              7AF6     7AF6       A0        4       0
                text8                              7FEC     7FEC       96        4       0
                text7                              76D4     76D4       C0        4       0
                text6                              9986     9986       16     4CAB       0
                text5                              6E9A     6E9A       DE        4       0
                text4                              98A2     98A2       22     486C       0
                text3                              98C4     98C4       20     486C       0
                text2                              8A3E     8A3E       74        4       0
                text1                              99C4     99C4       10     4CAB       0
                text0                              6AE2     6AE2       F4        4       0
                cstackCOMRAM                          7        7       23        1       1
                cstackBANK0                          60       60       6C       60       1
                cstackBANK1                         197      197       50      100       1
                cstackBANK2                         2E5      2E5        2      200       1
                dataBANK3                           300      300       69      300       1
                bssBANK3                            369      369       20      300       1
                dataBANK2                           288      288       5D      200       1
                bssBANK2                            200      200       88      200       1
                dataBANK1                           1E7      1E7       19      100       1
                bssBANK1                            100      100       97      100       1
                dataBANK0                            F5       F5        B       60       1
                bssBANK0                             CC       CC       29       60       1
                dataCOMRAM                           4B       4B        8        1       1
                bssCOMRAM                            2A       2A       15        1       1
                bitbssCOMRAM                          8        1       2B        1       1     8
                cinit                              6BD6     6BD6       F2        4       0
                idataBANK3                         8DBE     8DBE       69        4       0
                idataBANK2                         907A     907A       5D     4714       0
                idataBANK1                         993C     993C       19     486C       0
                idataBANK0                         99D4     99D4        B     4CAB       0
                idataCOMRAM                        99DF     99DF        8     4CAB       0

TOTAL           Name                               Link     Load   Length     Space
        CLASS   STACK          
                stack                               389      389      977         2

        CLASS   CODE           
                intcode                               8        8        4         0
                init                                  C        C        8         0
                reset_vec                             0        0        4         0
                text146                            3982     3982      2B8         0
                text145                            65CE     65CE      10C         0
                text144                            996E     996E       18         0
                text143                            8670     8670       80         0
                text142                            64B6     64B6      118         0
                text141                            1198     1198      700         0
                intcode_body                       539A     539A      1AA         0
                text139                            99B0     99B0       14         0
                text138                            977E     977E       30         0
                text137                            987C     987C       26         0
                text136                            8350     8350       8C         0
                text135                            971C     971C       32         0
                text134                            85F0     85F0       80         0
                text133                            9854     9854       28         0
                text132                            4DE6     4DE6      202         0
                text131                            9922     9922       1A         0
                text130                            99F4     99F4        6         0
                text129                            94D8     94D8       42         0
                text128                            4FE8     4FE8      1F4         0
                text127                            936E     936E       4A         0
                text126                            856C     856C       84         0
                text125                            84E8     84E8       84         0
                text124                            8FBA     8FBA       62         0
                text123                            982C     982C       28         0
                text122                            9804     9804       28         0
                text121                            967C     967C       38         0
                text120                            3336     3336      33E         0
                text119                            2FE4     2FE4      352         0
                text118                            974E     974E       30         0
                text117                            6F78     6F78       DE         0
                text116                            5FE4     5FE4      154         0
                text115                            747C     747C       CE         0
                text114                            754A     754A       C6         0
                text113                            66DA     66DA      106         0
                text112                            82C2     82C2       8E         0
                text111                            6CC8     6CC8       EE         0
                text110                            6DB6     6DB6       E4         0
                text109                            9490     9490       48         0
                text108                            5D16     5D16      168         0
                text107                            918E     918E       58         0
                text106                            9448     9448       48         0
                text105                            419E     419E      2A8         0
                text104                             A30      A30      768         0
                text103                            9400     9400       48         0
                text102                            99EE     99EE        6         0
                text101                            99E8     99E8        6         0
                text100                            86F0     86F0       7C         0
                text99                             999C     999C       14         0
                text98                             97DA     97DA       2A         0
                text97                             4446     4446      2A6         0
                text96                             96E8     96E8       34         0
                text95                             91E6     91E6       54         0
                text94                             1DB2     1DB2      506         0
                text93                             88DA     88DA       78         0
                text92                             69E4     69E4       FE         0
                text91                             9558     9558       3C         0
                text90                             96B4     96B4       34         0
                text89                             951A     951A       3E         0
                text88                             8F58     8F58       62         0
                text87                             68E4     68E4      100         0
                text86                             83DC     83DC       88         0
                text85                             8B98     8B98       72         0
                text84                             78F4     78F4       AE         0
                text83                             8AB2     8AB2       74         0
                text82                             9904     9904       1E         0
                text81                             8B26     8B26       72         0
                text80                             5870     5870      192         0
                text79                             5B92     5B92      184         0
                text78                             67E0     67E0      104         0
                text77                             1898     1898      51A         0
                text76                             56DE     56DE      192         0
                text75                             494E     494E      260         0
                text74                             5A02     5A02      190         0
                text73                             46EC     46EC      262         0
                text72                             27AE     27AE      434         0
                text71                             2BE2     2BE2      402         0
                text70                             5544     5544      19A         0
                text69                             3EF0     3EF0      2AE         0
                text68                             8D52     8D52       6C         0
                text67                             98E4     98E4       20         0
                text66                             51DC     51DC      1BE         0
                text65                             3674     3674      30E         0
                text64                             923A     923A       52         0
                text63                               14       14      A1C         0
                text62                             9956     9956       18         0
                text61                             72D8     72D8       D6         0
                text60                             7202     7202       D6         0
                text59                             712C     712C       D6         0
                text58                             73AE     73AE       CE         0
                text57                             8860     8860       7A         0
                text56                             8234     8234       8E         0
                text55                             6138     6138      132         0
                text54                             7610     7610       C4         0
                text53                             6390     6390      126         0
                text52                             626A     626A      126         0
                text51                             8082     8082       92         0
                text50                             97AE     97AE       2C         0
                text49                             8464     8464       84         0
                text48                             3C3A     3C3A      2B6         0
                text47                             9324     9324       4A         0
                text46                             901C     901C       5E         0
                text45                             22B8     22B8      4F6         0
                text44                             89C8     89C8       76         0
                text43                             87E6     87E6       7A         0
                text42                             876C     876C       7A         0
                text41                             81A4     81A4       90         0
                text40                             92D8     92D8       4C         0
                text39                             928C     928C       4C         0
                text38                             8CE6     8CE6       6C         0
                text37                             93B8     93B8       48         0
                text36                             8E8E     8E8E       66         0
                text35                             9642     9642       3A         0
                text34                             9608     9608       3A         0
                text33                             7E16     7E16       A0         0
                text32                             95CE     95CE       3A         0
                text31                             5E7E     5E7E      166         0
                text30                             4BAE     4BAE      238         0
                text29                             7D76     7D76       A0         0
                text28                             90D8     90D8       5C         0
                text27                             9594     9594       3A         0
                text26                             7F52     7F52       9A         0
                text25                             8114     8114       90         0
                text24                             7056     7056       D6         0
                text23                             8E28     8E28       66         0
                text22                             9134     9134       5A         0
                text21                             7794     7794       B2         0
                text20                             7A4C     7A4C       AA         0
                text19                             7EB6     7EB6       9C         0
                text18                             79A2     79A2       AA         0
                text17                             8C78     8C78       6E         0
                text16                             7846     7846       AE         0
                text15                             8952     8952       76         0
                text14                             8EF4     8EF4       64         0
                text13                             8C0A     8C0A       6E         0
                text12                             7CD6     7CD6       A0         0
                text11                             7C36     7C36       A0         0
                text10                             7B96     7B96       A0         0
                text9                              7AF6     7AF6       A0         0
                text8                              7FEC     7FEC       96         0
                text7                              76D4     76D4       C0         0
                text6                              9986     9986       16         0
                text5                              6E9A     6E9A       DE         0
                text4                              98A2     98A2       22         0
                text3                              98C4     98C4       20         0
                text2                              8A3E     8A3E       74         0
                text1                              99C4     99C4       10         0
                text0                              6AE2     6AE2       F4         0
                cinit                              6BD6     6BD6       F2         0
                idataBANK3                         8DBE     8DBE       69         0
                idataBANK2                         907A     907A       5D         0
                idataBANK1                         993C     993C       19         0
                idataBANK0                         99D4     99D4        B         0
                idataCOMRAM                        99DF     99DF        8         0

        CLASS   CONST          

        CLASS   SMALLCONST     

        CLASS   MEDIUMCONST    
                mediumconst                        E8C2     E8C2     173E         0

        CLASS   COMRAM         
                temp                                 3F       3F        C         1
                cstackCOMRAM                          7        7       23         1
                dataCOMRAM                           4B       4B        8         1
                bssCOMRAM                            2A       2A       15         1
                bitbssCOMRAM                          8        1       2B         1

        CLASS   ABS1           

        CLASS   BIGRAM         

        CLASS   RAM            

        CLASS   BANK0          
                cstackBANK0                          60       60       6C         1
                dataBANK0                            F5       F5        B         1
                bssBANK0                             CC       CC       29         1

        CLASS   BANK1          
                cstackBANK1                         197      197       50         1
                dataBANK1                           1E7      1E7       19         1
                bssBANK1                            100      100       97         1

        CLASS   BANK2          
                cstackBANK2                         2E5      2E5        2         1
                dataBANK2                           288      288       5D         1
                bssBANK2                            200      200       88         1

        CLASS   BANK3          
                dataBANK3                           300      300       69         1
                bssBANK3                            369      369       20         1

        CLASS   BANK4          

        CLASS   BANK5          

        CLASS   BANK6          

        CLASS   BANK7          

        CLASS   BANK8          

        CLASS   BANK9          

        CLASS   BANK10         

        CLASS   BANK11         

        CLASS   BANK12         

        CLASS   SFR            

        CLASS   FARRAM         

        CLASS   CONFIG         
                config                           300000   300000        E         0

        CLASS   IDLOC          
                idloc                            200000   200000        8         0

        CLASS   EEDATA         
                eeprom_data                      F00000   F00000        8         0



SEGMENTS        Name                           Load    Length   Top    Selector   Space  Class

                reset_vec                      000000  000004  000004         0       0  CODE    
                bitbssCOMRAM                   000001  000052  000053         1       1  COMRAM  
                intcode                        000008  008E1F  008E27         4       0  CODE    
                cstackBANK0                    000060  0000A0  000100        60       1  BANK0   
                bssBANK1                       000100  000100  000200       100       1  BANK1   
                bssBANK2                       000200  0000E7  0002E7       200       1  BANK2   
                dataBANK3                      000300  000089  000389       300       1  BANK3   
                stack                          000389  000977  000D00       389       2  STACK   
                text23                         008E28  0002AF  0090D7      4714       0  CODE    
                text28                         0090D8  00087D  009955      486C       0  CODE    
                text62                         009956  000091  0099E7      4CAB       0  CODE    
                text101                        0099E8  000012  0099FA      4CF4       0  CODE    
                mediumconst                    00E8C2  00173E  010000      7461       0  MEDIUMCO
                idloc                          200000  000008  200008    200000       0  IDLOC   
                config                         300000  00000E  30000E    300000       0  CONFIG  
                eeprom_data                    F00000  000008  F00008    F00000       0  EEDATA  


UNUSED ADDRESS RANGES

        Name                Unused          Largest block    Delta
        BANK10           000A00-000AFF              100
        BANK11           000B00-000BFF              100
        BANK12           000C00-000CFF              100
        BANK2            0002E7-0002FF               19
        BANK3            000389-0003FF               77
        BANK4            000400-0004FF              100
        BANK5            000500-0005FF              100
        BANK6            000600-0006FF              100
        BANK7            000700-0007FF              100
        BANK8            000800-0008FF              100
        BANK9            000900-0009FF              100
        BIGRAM           000053-00005F                D
                         0002E7-0002FF               19
                         000389-000CFF              977
        CODE             000004-000007                4
                         008E27-008E27                1
                         0090D7-0090D7                1
                         009955-009955                1
                         0099E7-0099E7                1
                         0099FA-00E8C1             4EC8
        COMRAM           000053-00005F                D
        CONST            000004-000007                4
                         008E27-008E27                1
                         0090D7-0090D7                1
                         009955-009955                1
                         0099E7-0099E7                1
                         0099FA-00E8C1             4EC8
        EEDATA           F00008-F003FF              3F8
        MEDIUMCONST      008E27-008E27                1
                         0090D7-0090D7                1
                         009955-009955                1
                         0099E7-0099E7                1
                         0099FA-00E8C1             4EC8
        RAM              0002E7-0002FF               19
                         000389-000CFF              100
        SFR              000D00-000FFF              100
        SMALLCONST       008E27-008E27                1
                         0090D7-0090D7                1
                         009955-009955                1
                         0099E7-0099E7                1
                         0099FA-00E8C1              100

                                  Symbol Table

?_ADC_Read                                        cstackBANK0  000060
?___aldiv                                         cstackBANK0  000060
?___fladd                                         cstackBANK0  0000A4
?___fldiv                                         cstackBANK0  000087
?___flmul                                         cstackBANK0  00006E
?___flneg                                         cstackBANK0  0000A0
?___fltol                                         cstackBANK0  0000B8
?___wmul                                          cstackBANK0  000060
?___xxtofl                                        cstackBANK0  000060
?_calculate_pulse_length                          cstackBANK0  0000C2
?_map                                             cstackBANK0  00006E
ADC_Read@adc_channel                              cstackBANK0  000064
Function_C_2@array_index                          cstackBANK0  0000C8
Function_C_3@array_index                          cstackBANK0  0000C8
Function_D_3@array_index                          cstackBANK0  0000C7
Function_D_4@array_index                          cstackBANK0  0000C7
Function_D_5@array_index                          cstackBANK0  0000C7
Function_H_1@temp                                 cstackBANK0  0000C7
Function_H_5@i                                    cstackBANK0  0000C8
Function_H_6_1@temp                               cstackBANK0  0000C7
Lcd_Cmd@a                                         cstackBANK0  000062
Lcd_Print_Char@Lower_Nibble                       cstackBANK0  000061
Lcd_Print_Char@Upper_Nibble                       cstackBANK0  000062
Lcd_Print_Char@data                               cstackBANK0  000063
Lcd_Print_Char@i                                  cstackBANK0  000064
Lcd_Print_Char@i_59                               cstackBANK0  000066
Lcd_Print_String@a                                cstackBANK0  000068
Lcd_Print_String@i                                cstackBANK0  00006C
Lcd_SetBit@data_bit                               cstackBANK0  000060
Lcd_Set_Cursor@a                                  cstackBANK0  000064
Lcd_Set_Cursor@b                                  cstackBANK0  000063
Lcd_Set_Cursor@temp                               cstackBANK0  000067
Lcd_Set_Cursor@y                                  cstackBANK0  000066
Lcd_Set_Cursor@z                                  cstackBANK0  000065
Lcd_Start@i                                       cstackBANK0  000064
Read_b_eep@badd                                   cstackBANK0  000060
Write_b_eep@GIE_BIT_VAL                           cstackBANK0  000063
Write_b_eep@badd                                  cstackBANK0  000060
Write_b_eep@bdat                                  cstackBANK0  000062
_ADCON0                                           (abs)        000FC2
_ADCON1                                           (abs)        000FC1
_ADCON2                                           (abs)        000FC0
_ADC_Initialize                                   text139      0099B0
_ADC_Read                                         text121      00967C
_ADON                                             (abs)        007E10
_ADRESH                                           (abs)        000FC4
_ADRESL                                           (abs)        000FC3
_ARPEGGIO                                         bssBANK1     000182
_ARPEGGIO_IS_PLAYING                              bitbssCOMRAM 000032
_ARPEGGIO_ON                                      bitbssCOMRAM 000023
_ARPEGGIO_RANDOM                                  bssBANK2     000268
_ARPEGGIO_SORTED                                  bssBANK2     000278
_ARPEGGIO_TYPE                                    bssCOMRAM    000035
_ARRAY_INDEX                                      bssBANK0     0000EB
_AUTO_LATCH                                       bitbssCOMRAM 00001E
_AUTO_RANDOMIZE                                   bitbssCOMRAM 00001C
_BPM                                              dataBANK0    0000FF
_BRGH                                             (abs)        007D62
_Busy_eep                                         text130      0099F4
_CMCON                                            (abs)        000FB4
_CONTROL_CHANGE_IS_BEING_SENT                     bitbssCOMRAM 000031
_CONTROL_MODE                                     bitbssCOMRAM 00000B
_CREN                                             (abs)        007D5C
_DIGIT_MODE                                       bssCOMRAM    00003A
_DISPLAY_MODE                                     bssBANK0     0000EE
_DISPLAY_STEP_NUMBER                              bitbssCOMRAM 00000D
_DRUM_CC                                          dataBANK0    0000F5
_DRUM_MODE                                        bitbssCOMRAM 00000C
_DRUM_NOTE                                        dataBANK1    0001E7
_EEADR                                            (abs)        000FA9
_EEADRH                                           (abs)        000FAA
_EECON1bits                                       (abs)        000FA6
_EECON2                                           (abs)        000FA7
_EEDATA                                           (abs)        000FA8
_FIRST_READING                                    bitbssCOMRAM 00002E
_Function_A                                       text58       0073AE
_Function_A_1                                     text61       0072D8
_Function_A_2                                     text60       007202
_Function_A_3                                     text59       00712C
_Function_B                                       text57       008860
_Function_C                                       text51       008082
_Function_C_1                                     text56       008234
_Function_C_2                                     text53       006390
_Function_C_3                                     text52       00626A
_Function_D                                       text41       0081A4
_Function_D_1                                     text49       008464
_Function_D_2                                     text46       00901C
_Function_D_3                                     text44       0089C8
_Function_D_4                                     text43       0087E6
_Function_D_5                                     text42       00876C
_Function_E                                       text38       008CE6
_Function_E_1                                     text40       0092D8
_Function_E_2                                     text39       00928C
_Function_F                                       text36       008E8E
_Function_G                                       text25       008114
_Function_G_1                                     text33       007E16
_Function_G_2                                     text29       007D76
_Function_G_3                                     text28       0090D8
_Function_G_4                                     text26       007F52
_Function_H                                       text7        0076D4
_Function_H_1                                     text24       007056
_Function_H_2                                     text23       008E28
_Function_H_3                                     text22       009134
_Function_H_4                                     text21       007794
_Function_H_5                                     text20       007A4C
_Function_H_6                                     text17       008C78
_Function_H_6_1                                   text19       007EB6
_Function_H_6_2                                   text18       0079A2
_Function_H_7                                     text16       007846
_Function_H_8                                     text13       008C0A
_Function_H_8_1                                   text15       008952
_Function_H_8_2                                   text14       008EF4
_Function_H_9                                     text8        007FEC
_Function_H_9_1                                   text12       007CD6
_Function_H_9_2                                   text11       007C36
_Function_H_9_3                                   text10       007B96
_Function_H_9_4                                   text9        007AF6
_GIE                                              (abs)        007F97
_GLOBAL_CC_NUMBER                                 bssBANK0     0000F4
_GLOBAL_CC_VALUE                                  bssBANK1     000180
_GLOBAL_STATUS_BYTE                               bssBANK1     000181
_GO_nDONE                                         (abs)        007E11
_HYST_VAL                                         dataBANK1    0001F3
_INT0IE                                           (abs)        007F94
_INT0IF                                           (abs)        007F91
_INTCONbits                                       (abs)        000FF2
_INTEDG0                                          (abs)        007F8E
_IPEN                                             (abs)        007E87
_ISR                                              intcode      000008
_KEYBOARD_MODE                                    bssBANK0     0000F2
_LAST_NOTE_MODE_KEY_PRESS                         bitbssCOMRAM 000019
_LAST_NOTE_MODE_KEY_RELEASE                       bitbssCOMRAM 000018
_LAST_NOTE_MODE_RESET                             bitbssCOMRAM 000016
_LAST_NOTE_MODE_TRANSPOSE                         bitbssCOMRAM 000017
_LATCH                                            bitbssCOMRAM 000020
_LCD_STRINGS                                      mediumconst  00F39E
_Lcd_Clear                                        text6        009986
_Lcd_Cmd                                          text137      00987C
_Lcd_Print_Char                                   text126      00856C
_Lcd_Print_String                                 text125      0084E8
_Lcd_SetBit                                       text138      00977E
_Lcd_Set_Cursor                                   text124      008FBA
_Lcd_Start                                        text136      008350
_MAX_NUM_NOTES                                    mediumconst  00F39D
_NOTE_LENGTH_PULSES                               dataCOMRAM   00004D
_NOTE_LENGTH_PULSES_ARRAY                         dataBANK2    0002B8
_NUM_NOTES_PRESSED                                bssCOMRAM    00002F
_OCTAVES                                          dataCOMRAM   00004E
_ON_OFF                                           bitbssCOMRAM 00002F
_PEIE                                             (abs)        007F96
_PORTA                                            (abs)        000F80
_PORTB                                            (abs)        000F81
_PORTC                                            (abs)        000F82
_PORTD                                            (abs)        000F83
_PORTE                                            (abs)        000F84
_POT_MODE                                         bitbssCOMRAM 00002D
_PPQN                                             dataBANK1    0001F6
_PRESCALER                                        dataBANK1    0001F5
_PSA                                              (abs)        007EAB
_RA5                                              (abs)        007C05
_RB0                                              (abs)        007C08
_RB1                                              (abs)        007C09
_RB2                                              (abs)        007C0A
_RB4                                              (abs)        007C0C
_RB5                                              (abs)        007C0D
_RBIE                                             (abs)        007F93
_RBIF                                             (abs)        007F90
_RC0                                              (abs)        007C10
_RC1                                              (abs)        007C11
_RC2                                              (abs)        007C12
_RC3                                              (abs)        007C13
_RC4                                              (abs)        007C14
_RC5                                              (abs)        007C15
_RD4                                              (abs)        007C1C
_RD5                                              (abs)        007C1D
_RD6                                              (abs)        007C1E
_RD7                                              (abs)        007C1F
_RE0                                              (abs)        007C20
_RE1                                              (abs)        007C21
_RE2                                              (abs)        007C22
_RESET_ON_KEY_PRESS                               bitbssCOMRAM 000022
_RESET_ON_KEY_RELEASE                             bitbssCOMRAM 000021
_Read_b_eep                                       text131      009922
_SORT_DIRECTION                                   bitbssCOMRAM 000024
_SPBRG                                            (abs)        000FAF
_SPEN                                             (abs)        007D5F
_SYNC                                             (abs)        007D64
_T08BIT                                           (abs)        007EAE
_T0CON                                            (abs)        000FD5
_T0CS                                             (abs)        007EAD
_T1CON                                            (abs)        000FCD
_T2CON                                            (abs)        000FCA
_TIMER_OVERFLOWS                                  bssCOMRAM    00002E
_TIMER_PRELOAD                                    bssBANK1     00017B
_TMR0                                             (abs)        000FD6
_TMR0IE                                           (abs)        007F95
_TMR0IF                                           (abs)        007F92
_TMR0ON                                           (abs)        007EAF
_TMR1                                             (abs)        000FCE
_TMR1IE                                           (abs)        007CE8
_TMR1IF                                           (abs)        007CF0
_TMR1ON                                           (abs)        007E68
_TMR2                                             (abs)        000FCC
_TMR2IE                                           (abs)        007CE9
_TMR2IF                                           (abs)        007CF1
_TMR2ON                                           (abs)        007E52
_TRANSPOSE_MODE                                   bitbssCOMRAM 000025
_TRISA                                            (abs)        000F92
_TRISB                                            (abs)        000F93
_TRISC                                            (abs)        000F94
_TRISD                                            (abs)        000F95
_TRISE                                            (abs)        000F96
_TRMT                                             (abs)        007D61
_TXEN                                             (abs)        007D65
_TXIF                                             (abs)        007CF4
_TXREG                                            (abs)        000FAD
_UN_LATCH_MODE                                    bitbssCOMRAM 00001F
_Write_b_eep                                      text129      0094D8
__CFG_BBSIZ$1024                                  (abs)        000000
__CFG_BOREN$OFF                                   (abs)        000000
__CFG_BORV$3                                      (abs)        000000
__CFG_CP0$OFF                                     (abs)        000000
__CFG_CP1$OFF                                     (abs)        000000
__CFG_CP2$OFF                                     (abs)        000000
__CFG_CP3$OFF                                     (abs)        000000
__CFG_CPB$OFF                                     (abs)        000000
__CFG_CPD$OFF                                     (abs)        000000
__CFG_EBTR0$OFF                                   (abs)        000000
__CFG_EBTR1$OFF                                   (abs)        000000
__CFG_EBTR2$OFF                                   (abs)        000000
__CFG_EBTR3$OFF                                   (abs)        000000
__CFG_EBTRB$OFF                                   (abs)        000000
__CFG_FCMEN$OFF                                   (abs)        000000
__CFG_IESO$OFF                                    (abs)        000000
__CFG_LPT1OSC$OFF                                 (abs)        000000
__CFG_LVP$OFF                                     (abs)        000000
__CFG_MCLRE$ON                                    (abs)        000000
__CFG_OSC$HS                                      (abs)        000000
__CFG_PBADEN$OFF                                  (abs)        000000
__CFG_PWRT$OFF                                    (abs)        000000
__CFG_STVREN$OFF                                  (abs)        000000
__CFG_WDT$OFF                                     (abs)        000000
__CFG_WDTPS$32768                                 (abs)        000000
__CFG_WRT0$OFF                                    (abs)        000000
__CFG_WRT1$OFF                                    (abs)        000000
__CFG_WRT2$OFF                                    (abs)        000000
__CFG_WRT3$OFF                                    (abs)        000000
__CFG_WRTB$OFF                                    (abs)        000000
__CFG_WRTC$OFF                                    (abs)        000000
__CFG_WRTD$OFF                                    (abs)        000000
__CFG_XINST$OFF                                   (abs)        000000
__HRAM                                            (abs)        000000
__Habs1                                           abs1         000000
__Hbank0                                          bank0        000000
__Hbank1                                          bank1        000000
__Hbank10                                         bank10       000000
__Hbank11                                         bank11       000000
__Hbank12                                         bank12       000000
__Hbank2                                          bank2        000000
__Hbank3                                          bank3        000000
__Hbank4                                          bank4        000000
__Hbank5                                          bank5        000000
__Hbank6                                          bank6        000000
__Hbank7                                          bank7        000000
__Hbank8                                          bank8        000000
__Hbank9                                          bank9        000000
__Hbigbss                                         bigbss       000000
__Hbigdata                                        bigdata      000000
__Hbigram                                         bigram       000000
__HbitbssCOMRAM                                   bitbssCOMRAM 000000
__Hbss                                            bss          000000
__HbssBANK0                                       bssBANK0     000000
__HbssBANK1                                       bssBANK1     000000
__HbssBANK2                                       bssBANK2     000000
__HbssBANK3                                       bssBANK3     000000
__HbssCOMRAM                                      bssCOMRAM    000000
__Hcinit                                          cinit        000000
__Hclrtext                                        clrtext      000000
__Hcomram                                         comram       000000
__Hconfig                                         config       30000E
__Hconst                                          const        000000
__HcstackBANK0                                    cstackBANK0  000000
__HcstackBANK1                                    cstackBANK1  000000
__HcstackBANK2                                    cstackBANK2  000000
__HcstackCOMRAM                                   cstackCOMRAM 000000
__Hdata                                           data         000000
__HdataBANK0                                      dataBANK0    000000
__HdataBANK1                                      dataBANK1    000000
__HdataBANK2                                      dataBANK2    000000
__HdataBANK3                                      dataBANK3    000000
__HdataCOMRAM                                     dataCOMRAM   000000
__Heeprom_data                                    eeprom_data  F00008
__Hfarbss                                         farbss       000000
__Hfardata                                        fardata      000000
__Hibigdata                                       ibigdata     000000
__Hidata                                          idata        000000
__HidataBANK0                                     idataBANK0   000000
__HidataBANK1                                     idataBANK1   000000
__HidataBANK2                                     idataBANK2   000000
__HidataBANK3                                     idataBANK3   000000
__HidataCOMRAM                                    idataCOMRAM  000000
__Hidloc                                          idloc        200008
__Hifardata                                       ifardata     000000
__Hinit                                           init         000014
__Hintcode                                        intcode      00000C
__Hintcode_body                                   intcode_body 000000
__Hintcodelo                                      intcodelo    00000C
__Hintentry                                       intentry     000000
__Hintret                                         intret       000000
__Hintsave_regs                                   intsave_regs 000000
__Hirdata                                         irdata       000000
__Hmediumconst                                    mediumconst  010000
__HnvFARRAM                                       nvFARRAM     000000
__Hnvbit                                          nvbit        000000
__Hnvrram                                         nvrram       000000
__Hparam                                          rparam       000000
__Hpowerup                                        powerup      00000C
__Hram                                            ram          000000
__Hramtop                                         ramtop       000D00
__Hrbit                                           rbit         000000
__Hrbss                                           rbss         000000
__Hrdata                                          rdata        000000
__Hreset_vec                                      reset_vec    000004
__Hrparam                                         rparam       000000
__Hsfr                                            sfr          000000
__Hsmallconst                                     smallconst   000000
__Hspace_0                                        (abs)        F00008
__Hspace_1                                        (abs)        000389
__Hspace_2                                        (abs)        000D00
__Hstack                                          stack        000D00
__Hstruct                                         struct       000000
__Htemp                                           temp         00004B
__Htext                                           text         000000
__Htext0                                          text0        000000
__Htext1                                          text1        000000
__Htext10                                         text10       000000
__Htext100                                        text100      000000
__Htext101                                        text101      000000
__Htext102                                        text102      000000
__Htext103                                        text103      000000
__Htext104                                        text104      000000
__Htext105                                        text105      000000
__Htext106                                        text106      000000
__Htext107                                        text107      000000
__Htext108                                        text108      000000
__Htext109                                        text109      000000
__Htext11                                         text11       000000
__Htext110                                        text110      000000
__Htext111                                        text111      000000
__Htext112                                        text112      000000
__Htext113                                        text113      000000
__Htext114                                        text114      000000
__Htext115                                        text115      000000
__Htext116                                        text116      000000
__Htext117                                        text117      000000
__Htext118                                        text118      000000
__Htext119                                        text119      000000
__Htext12                                         text12       000000
__Htext120                                        text120      000000
__Htext121                                        text121      000000
__Htext122                                        text122      000000
__Htext123                                        text123      000000
__Htext124                                        text124      000000
__Htext125                                        text125      000000
__Htext126                                        text126      000000
__Htext127                                        text127      000000
__Htext128                                        text128      000000
__Htext129                                        text129      000000
__Htext13                                         text13       000000
__Htext130                                        text130      000000
__Htext131                                        text131      000000
__Htext132                                        text132      000000
__Htext133                                        text133      000000
__Htext134                                        text134      000000
__Htext135                                        text135      000000
__Htext136                                        text136      000000
__Htext137                                        text137      000000
__Htext138                                        text138      000000
__Htext139                                        text139      000000
__Htext14                                         text14       000000
__Htext141                                        text141      000000
__Htext142                                        text142      000000
__Htext143                                        text143      000000
__Htext144                                        text144      000000
__Htext145                                        text145      000000
__Htext146                                        text146      000000
__Htext15                                         text15       000000
__Htext16                                         text16       000000
__Htext17                                         text17       000000
__Htext18                                         text18       000000
__Htext19                                         text19       000000
__Htext2                                          text2        000000
__Htext20                                         text20       000000
__Htext21                                         text21       000000
__Htext22                                         text22       000000
__Htext23                                         text23       000000
__Htext24                                         text24       000000
__Htext25                                         text25       000000
__Htext26                                         text26       000000
__Htext27                                         text27       000000
__Htext28                                         text28       000000
__Htext29                                         text29       000000
__Htext3                                          text3        000000
__Htext30                                         text30       000000
__Htext31                                         text31       000000
__Htext32                                         text32       000000
__Htext33                                         text33       000000
__Htext34                                         text34       000000
__Htext35                                         text35       000000
__Htext36                                         text36       000000
__Htext37                                         text37       000000
__Htext38                                         text38       000000
__Htext39                                         text39       000000
__Htext4                                          text4        000000
__Htext40                                         text40       000000
__Htext41                                         text41       000000
__Htext42                                         text42       000000
__Htext43                                         text43       000000
__Htext44                                         text44       000000
__Htext45                                         text45       000000
__Htext46                                         text46       000000
__Htext47                                         text47       000000
__Htext48                                         text48       000000
__Htext49                                         text49       000000
__Htext5                                          text5        000000
__Htext50                                         text50       000000
__Htext51                                         text51       000000
__Htext52                                         text52       000000
__Htext53                                         text53       000000
__Htext54                                         text54       000000
__Htext55                                         text55       000000
__Htext56                                         text56       000000
__Htext57                                         text57       000000
__Htext58                                         text58       000000
__Htext59                                         text59       000000
__Htext6                                          text6        000000
__Htext60                                         text60       000000
__Htext61                                         text61       000000
__Htext62                                         text62       000000
__Htext63                                         text63       000000
__Htext64                                         text64       000000
__Htext65                                         text65       000000
__Htext66                                         text66       000000
__Htext67                                         text67       000000
__Htext68                                         text68       000000
__Htext69                                         text69       000000
__Htext7                                          text7        000000
__Htext70                                         text70       000000
__Htext71                                         text71       000000
__Htext72                                         text72       000000
__Htext73                                         text73       000000
__Htext74                                         text74       000000
__Htext75                                         text75       000000
__Htext76                                         text76       000000
__Htext77                                         text77       000000
__Htext78                                         text78       000000
__Htext79                                         text79       000000
__Htext8                                          text8        000000
__Htext80                                         text80       000000
__Htext81                                         text81       000000
__Htext82                                         text82       000000
__Htext83                                         text83       000000
__Htext84                                         text84       000000
__Htext85                                         text85       000000
__Htext86                                         text86       000000
__Htext87                                         text87       000000
__Htext88                                         text88       000000
__Htext89                                         text89       000000
__Htext9                                          text9        000000
__Htext90                                         text90       000000
__Htext91                                         text91       000000
__Htext92                                         text92       000000
__Htext93                                         text93       000000
__Htext94                                         text94       000000
__Htext95                                         text95       000000
__Htext96                                         text96       000000
__Htext97                                         text97       000000
__Htext98                                         text98       000000
__Htext99                                         text99       000000
__LRAM                                            (abs)        000001
__Labs1                                           abs1         000000
__Lbank0                                          bank0        000000
__Lbank1                                          bank1        000000
__Lbank10                                         bank10       000000
__Lbank11                                         bank11       000000
__Lbank12                                         bank12       000000
__Lbank2                                          bank2        000000
__Lbank3                                          bank3        000000
__Lbank4                                          bank4        000000
__Lbank5                                          bank5        000000
__Lbank6                                          bank6        000000
__Lbank7                                          bank7        000000
__Lbank8                                          bank8        000000
__Lbank9                                          bank9        000000
__Lbigbss                                         bigbss       000000
__Lbigdata                                        bigdata      000000
__Lbigram                                         bigram       000000
__LbitbssCOMRAM                                   bitbssCOMRAM 000000
__Lbss                                            bss          000000
__LbssBANK0                                       bssBANK0     000000
__LbssBANK1                                       bssBANK1     000000
__LbssBANK2                                       bssBANK2     000000
__LbssBANK3                                       bssBANK3     000000
__LbssCOMRAM                                      bssCOMRAM    000000
__Lcinit                                          cinit        000000
__Lclrtext                                        clrtext      000000
__Lcomram                                         comram       000000
__Lconfig                                         config       300000
__Lconst                                          const        000000
__LcstackBANK0                                    cstackBANK0  000000
__LcstackBANK1                                    cstackBANK1  000000
__LcstackBANK2                                    cstackBANK2  000000
__LcstackCOMRAM                                   cstackCOMRAM 000000
__Ldata                                           data         000000
__LdataBANK0                                      dataBANK0    000000
__LdataBANK1                                      dataBANK1    000000
__LdataBANK2                                      dataBANK2    000000
__LdataBANK3                                      dataBANK3    000000
__LdataCOMRAM                                     dataCOMRAM   000000
__Leeprom_data                                    eeprom_data  F00000
__Lfarbss                                         farbss       000000
__Lfardata                                        fardata      000000
__Libigdata                                       ibigdata     000000
__Lidata                                          idata        000000
__LidataBANK0                                     idataBANK0   000000
__LidataBANK1                                     idataBANK1   000000
__LidataBANK2                                     idataBANK2   000000
__LidataBANK3                                     idataBANK3   000000
__LidataCOMRAM                                    idataCOMRAM  000000
__Lidloc                                          idloc        200000
__Lifardata                                       ifardata     000000
__Linit                                           init         00000C
__Lintcode                                        intcode      000008
__Lintcode_body                                   intcode_body 000000
__Lintcodelo                                      intcodelo    00000C
__Lintentry                                       intentry     000000
__Lintret                                         intret       000000
__Lintsave_regs                                   intsave_regs 000000
__Lirdata                                         irdata       000000
__Lmediumconst                                    mediumconst  00E8C2
__LnvFARRAM                                       nvFARRAM     000000
__Lnvbit                                          nvbit        000000
__Lnvrram                                         nvrram       000000
__Lparam                                          rparam       000000
__Lpowerup                                        powerup      00000C
__Lram                                            ram          000000
__Lramtop                                         ramtop       000D00
__Lrbit                                           rbit         000000
__Lrbss                                           rbss         000000
__Lrdata                                          rdata        000000
__Lreset_vec                                      reset_vec    000000
__Lrparam                                         rparam       000000
__Lsfr                                            sfr          000000
__Lsmallconst                                     smallconst   000000
__Lspace_0                                        (abs)        000000
__Lspace_1                                        (abs)        000000
__Lspace_2                                        (abs)        000000
__Lstack                                          stack        000389
__Lstruct                                         struct       000000
__Ltemp                                           temp         00003F
__Ltext                                           text         000000
__Ltext0                                          text0        000000
__Ltext1                                          text1        000000
__Ltext10                                         text10       000000
__Ltext100                                        text100      000000
__Ltext101                                        text101      000000
__Ltext102                                        text102      000000
__Ltext103                                        text103      000000
__Ltext104                                        text104      000000
__Ltext105                                        text105      000000
__Ltext106                                        text106      000000
__Ltext107                                        text107      000000
__Ltext108                                        text108      000000
__Ltext109                                        text109      000000
__Ltext11                                         text11       000000
__Ltext110                                        text110      000000
__Ltext111                                        text111      000000
__Ltext112                                        text112      000000
__Ltext113                                        text113      000000
__Ltext114                                        text114      000000
__Ltext115                                        text115      000000
__Ltext116                                        text116      000000
__Ltext117                                        text117      000000
[...]
      Locals:         0       0       0       0       0       0       0       0       0       0       0       0       0       0
      Temps:          6       0       0       0       0       0       0       0       0       0       0       0       0       0
      Totals:         6       0       0       0       0       0       0       0       0       0       0       0       0       0
Total ram usage:        6 bytes
 Hardware stack levels used:    1
 Hardware stack levels required when called:    3
 This function calls:
		___awmod
		_noteOff
		_noteOn
		_rand
		_random_pitches
		_random_pitches_non_repeating
		_sort_pitches
 This function is called by:
		_ISR
 This function uses a non-reentrant model


 *************** function _sort_pitches *****************
 Defined at:
		line 222 in file "arpeggio.c"
 Parameters:    Size  Location     Type
		None
 Auto vars:     Size  Location     Type
  j               1    3[COMRAM] unsigned char 
  i               1    4[COMRAM] unsigned char 
  a               1    2[COMRAM] unsigned char 
 Return value:  Size  Location     Type
                  1    wreg      void 
 Registers used:
		wreg, fsr0l, fsr0h, fsr2l, fsr2h, status,2, status,0, prodl, prodh
 Tracked objects:
		On entry : 
		On exit  : 
		Unchanged: 
 Data sizes:     COMRAM   BANK0   BANK1   BANK2   BANK3   BANK4   BANK5   BANK6   BANK7   BANK8   BANK9  BANK10  BANK11  BANK12
      Params:         0       0       0       0       0       0       0       0       0       0       0       0       0       0
      Locals:         3       0       0       0       0       0       0       0       0       0       0       0       0       0
      Temps:          2       0       0       0       0       0       0       0       0       0       0       0       0       0
      Totals:         5       0       0       0       0       0       0       0       0       0       0       0       0       0
Total ram usage:        5 bytes
 Hardware stack levels used:    1
 This function calls:
		Nothing
 This function is called by:
		_playArpeggio
 This function uses a non-reentrant model


 *************** function _encoderInputsBuxton *****************
 Defined at:
		line 27 in file "encoder.c"
 Parameters:    Size  Location     Type
		None
 Auto vars:     Size  Location     Type
  pinstate        1    5[COMRAM] unsigned char 
  tempB           1    4[COMRAM] unsigned char 
  tempA           1    3[COMRAM] unsigned char 
 Return value:  Size  Location     Type
                  1    wreg      void 
 Registers used:
		wreg, status,2, status,0, tblptrl, tblptrh, tblptru, prodl, prodh
 Tracked objects:
		On entry : 
		On exit  : 
		Unchanged: 
 Data sizes:     COMRAM   BANK0   BANK1   BANK2   BANK3   BANK4   BANK5   BANK6   BANK7   BANK8   BANK9  BANK10  BANK11  BANK12
      Params:         0       0       0       0       0       0       0       0       0       0       0       0       0       0
      Locals:         3       0       0       0       0       0       0       0       0       0       0       0       0       0
      Temps:          3       0       0       0       0       0       0       0       0       0       0       0       0       0
      Totals:         6       0       0       0       0       0       0       0       0       0       0       0       0       0
Total ram usage:        6 bytes
 Hardware stack levels used:    1
 This function calls:
		Nothing
 This function is called by:
		_ISR
 This function uses a non-reentrant model


 *************** function _display *****************
 Defined at:
		line 22 in file "segment.c"
 Parameters:    Size  Location     Type
		None
 Auto vars:     Size  Location     Type
		None
 Return value:  Size  Location     Type
                  1    wreg      void 
 Registers used:
		wreg, fsr0l, fsr0h, fsr1l, fsr1h, fsr2l, fsr2h, status,2, status,0, btemp, btemp+1, btemp+2, btemp+10, btemp+11, tblptrl, tblptrh, tblptru, prodl, prodh, cstack
 Tracked objects:
		On entry : 
		On exit  : 
		Unchanged: 
 Data sizes:     COMRAM   BANK0   BANK1   BANK2   BANK3   BANK4   BANK5   BANK6   BANK7   BANK8   BANK9  BANK10  BANK11  BANK12
      Params:         0       0       0       0       0       0       0       0       0       0       0       0       0       0
      Locals:         0       0       0       0       0       0       0       0       0       0       0       0       0       0
      Temps:          0       0       0       0       0       0       0       0       0       0       0       0       0       0
      Totals:         0       0       0       0       0       0       0       0       0       0       0       0       0       0
Total ram usage:        0 bytes
 Hardware stack levels used:    1
 Hardware stack levels required when called:    2
 This function calls:
		_displayDigits
		_displayString
 This function is called by:
		_ISR
 This function uses a non-reentrant model


 *************** function _displayString *****************
 Defined at:
		line 174 in file "segment.c"
 Parameters:    Size  Location     Type
		None
 Auto vars:     Size  Location     Type
  i               1    1[COMRAM] unsigned char 
 Return value:  Size  Location     Type
                  1    wreg      void 
 Registers used:
		wreg, fsr0l, fsr0h, fsr2l, fsr2h, status,2, status,0, tblptrl, tblptrh, tblptru, prodl, prodh
 Tracked objects:
		On entry : 
		On exit  : 
		Unchanged: 
 Data sizes:     COMRAM   BANK0   BANK1   BANK2   BANK3   BANK4   BANK5   BANK6   BANK7   BANK8   BANK9  BANK10  BANK11  BANK12
      Params:         0       0       0       0       0       0       0       0       0       0       0       0       0       0
      Locals:         1       0       0       0       0       0       0       0       0       0       0       0       0       0
      Temps:          1       0       0       0       0       0       0       0       0       0       0       0       0       0
      Totals:         2       0       0       0       0       0       0       0       0       0       0       0       0       0
Total ram usage:        2 bytes
 Hardware stack levels used:    1
 This function calls:
		Nothing
 This function is called by:
		_display
 This function uses a non-reentrant model


 *************** function _displayDigits *****************
 Defined at:
		line 55 in file "segment.c"
 Parameters:    Size  Location     Type
		None
 Auto vars:     Size  Location     Type
  highByte        1    4[COMRAM] unsigned char 
  lowByte         1    3[COMRAM] unsigned char 
 Return value:  Size  Location     Type
                  1    wreg      void 
 Registers used:
		wreg, fsr1l, fsr1h, status,2, status,0, btemp, btemp+1, btemp+2, btemp+10, btemp+11, tblptrl, tblptrh, tblptru, prodl, prodh
 Tracked objects:
		On entry : 
		On exit  : 
		Unchanged: 
 Data sizes:     COMRAM   BANK0   BANK1   BANK2   BANK3   BANK4   BANK5   BANK6   BANK7   BANK8   BANK9  BANK10  BANK11  BANK12
      Params:         0       0       0       0       0       0       0       0       0       0       0       0       0       0
      Locals:         2       0       0       0       0       0       0       0       0       0       0       0       0       0
      Temps:          3       0       0       0       0       0       0       0       0       0       0       0       0       0
      Totals:         5       0       0       0       0       0       0       0       0       0       0       0       0       0
Total ram usage:        5 bytes
 Hardware stack levels used:    1
 Hardware stack levels required when called:    1
 This function calls:
		___awdiv
		___awmod
 This function is called by:
		_display
 This function uses a non-reentrant model



MODULE INFORMATION

Module		Function		Class		Link	Load	Size
C:\Program Files (x86)\Microchip\xc8\v1.45\sources\common\sprcdiv.c
		___fldiv       		CODE           	3C3A	0000	695

C:\Program Files (x86)\Microchip\xc8\v1.45\sources\common\sprcdiv.c estimated size: 695

octave.c
		_processOctave 		CODE           	3674	0000	783
		_keyboardTranspose		CODE           	4446	0000	679
		_doTheLatch    		CODE           	98E4	0000	33
		_doTheUnLatch  		CODE           	51DC	0000	447
		_printThisNumber		CODE           	999C	0000	21

octave.c estimated size: 1963

drum.c
		_processDrumpad		CODE           	1DB2	0000	1287

drum.c estimated size: 1287

C:\Program Files (x86)\Microchip\xc8\v1.45\sources\common\Umul16.c
		___wmul        		CODE           	9854	0000	41

C:\Program Files (x86)\Microchip\xc8\v1.45\sources\common\Umul16.c estimated size: 41

C:\Program Files (x86)\Microchip\xc8\v1.45\sources\pic18\plib\EEP\busy_eep.c
		_Busy_eep      		CODE           	99F4	0000	7

C:\Program Files (x86)\Microchip\xc8\v1.45\sources\pic18\plib\EEP\busy_eep.c estimated size: 7

potentiometers.c
		_map           		CODE           	66DA	0000	263
		_processPotentiometers		CODE           	419E	0000	681
		_readPotentiometers		CODE           	0A30	0000	1897
		_calculate_alpha		CODE           	9324	0000	75

potentiometers.c estimated size: 2916

C:\Program Files (x86)\Microchip\xc8\v1.45\sources\common\sprcadd.c
		___fladd       		CODE           	3336	0000	831

C:\Program Files (x86)\Microchip\xc8\v1.45\sources\common\sprcadd.c estimated size: 831

C:\Program Files (x86)\Microchip\xc8\v1.45\sources\common\awmod.c
		___awmod       		CODE           	68E4	0000	257

C:\Program Files (x86)\Microchip\xc8\v1.45\sources\common\awmod.c estimated size: 257

eeprom.c
		_selectSlotOnBoot		CODE           	98C4	0000	33
		_loadFromEEPROM		CODE           	4BAE	0000	569
		_saveToEEPROM  		CODE           	4FE8	0000	501
		_initializeSaveSlotsOnce		CODE           	936E	0000	75

eeprom.c estimated size: 1178

adc.c
		_ADC_Initialize		CODE           	99B0	0000	21
		_ADC_Read      		CODE           	967C	0000	57

adc.c estimated size: 78

arpeggio.c
		_calculate_pulse_length		CODE           	5E7E	0000	359
		_key_press_release_note_off		CODE           	5D16	0000	361
		_wait_one_pulse		CODE           	97DA	0000	43
		_add_notes_to_arpeggio		CODE           	69E4	0000	255
		_playArpeggio  		CODE           	1198	0000	1793
		_random_pitches_non_repeating		CODE           	78F4	0000	175
		_setupArpeggio 		CODE           	8AB2	0000	117
		_sort_pitches  		CODE           	64B6	0000	281
		_findArrayIndex		CODE           	9558	0000	61
		_copy_array    		CODE           	8F58	0000	99
		_finish_arpeggio_setup		CODE           	9904	0000	31
		_random_pitches		CODE           	8B98	0000	115
		_delete_notes_from_arpeggio		CODE           	96B4	0000	53
		_resetArpeggio 		CODE           	951A	0000	63
		_rotateArrayLeft		CODE           	88DA	0000	121

arpeggio.c estimated size: 3927

C:\Program Files (x86)\Microchip\xc8\v1.45\sources\common\Umul32.c
		___lmul        		CODE           	754A	0000	199

C:\Program Files (x86)\Microchip\xc8\v1.45\sources\common\Umul32.c estimated size: 199

C:\Program Files (x86)\Microchip\xc8\v1.45\sources\common\rand.c
		_srand         		CODE           	99C4	0000	17
		_rand          		CODE           	83DC	0000	137

C:\Program Files (x86)\Microchip\xc8\v1.45\sources\common\rand.c estimated size: 154

C:\Program Files (x86)\Microchip\xc8\v1.45\sources\common\fltol.c
		___fltol       		CODE           	6F78	0000	223

C:\Program Files (x86)\Microchip\xc8\v1.45\sources\common\fltol.c estimated size: 223

shared
		_diatonic_major		MEDIUMCONST    	F310	0000	46
		_diatonic_minor		MEDIUMCONST    	F2E3	0000	46
		_LCD_STRINGS   		MEDIUMCONST    	F39E	0000	2398
		_lydian_key    		MEDIUMCONST    	FD28	0000	16
		ascii@LCD_STRINGS		MEDIUMCONST    	0000	0000	0
		_ionian_key    		MEDIUMCONST    	FD55	0000	16
		_major_key     		MEDIUMCONST    	F378	0000	16
		_pentatonic_major_key		MEDIUMCONST    	F392	0000	12
		_dorian_key    		MEDIUMCONST    	FD46	0000	16
		_pentatonic_minor_key		MEDIUMCONST    	F387	0000	12
		_seg_ascii     		MEDIUMCONST    	F220	0000	76
		_phrygian_key  		MEDIUMCONST    	FD37	0000	16
		_aeolian_key   		MEDIUMCONST    	FD0A	0000	16
		_mixolydian_key		MEDIUMCONST    	FD19	0000	16
		__initialization		CODE           	6BD6	0000	233
		_diatonic_seventh_minor		MEDIUMCONST    	F26B	0000	61
		_minor_key     		MEDIUMCONST    	F369	0000	16
		_ttable        		MEDIUMCONST    	F33D	0000	29
		_locrian_key   		MEDIUMCONST    	FCFB	0000	16
		_seg_bcd_hex   		MEDIUMCONST    	F359	0000	17
		_diatonic_seventh_major		MEDIUMCONST    	F2A7	0000	61
		_MAX_NUM_NOTES 		MEDIUMCONST    	F39D	0000	2

shared estimated size: 3137

segment.c
		_display       		CODE           	996E	0000	25
		_displayTest   		CODE           	85F0	0000	129
		_displayString 		CODE           	65CE	0000	269
		_displayDigits 		CODE           	3982	0000	697

segment.c estimated size: 1120

C:\Program Files (x86)\Microchip\xc8\v1.45\sources\pic18\plib\EEP\read_B.c
		_Read_b_eep    		CODE           	9922	0000	27

C:\Program Files (x86)\Microchip\xc8\v1.45\sources\pic18\plib\EEP\read_B.c estimated size: 27

menu.c
		_eepromExit    		CODE           	9642	0000	59
		_Function_A    		CODE           	73AE	0000	207
		_Function_B    		CODE           	8860	0000	123
		_Function_C    		CODE           	8082	0000	147
		_Function_D    		CODE           	81A4	0000	145
		_Function_E    		CODE           	8CE6	0000	109
		_Function_F    		CODE           	8E8E	0000	103
		_Function_G    		CODE           	8114	0000	145
		_Function_H    		CODE           	76D4	0000	193
		_exitSave      		CODE           	9608	0000	59
		_Function_A_1  		CODE           	72D8	0000	215
		_Function_C_1  		CODE           	8234	0000	143
		_Function_D_1  		CODE           	8464	0000	133
		_Function_A_2  		CODE           	7202	0000	215
		_Function_E_1  		CODE           	92D8	0000	77
		_Function_C_2  		CODE           	6390	0000	295
		_Function_G_1  		CODE           	7E16	0000	161
		_Function_D_2  		CODE           	901C	0000	95
		_Function_H_1  		CODE           	7056	0000	215
		_Function_A_3  		CODE           	712C	0000	215
		_Function_E_2  		CODE           	928C	0000	77
		_Function_C_3  		CODE           	626A	0000	295
		_Function_G_2  		CODE           	7D76	0000	161
		_Function_D_3  		CODE           	89C8	0000	119
		_Function_H_2  		CODE           	8E28	0000	103
		_Function_G_3  		CODE           	90D8	0000	93
		_Function_D_4  		CODE           	87E6	0000	123
		_Function_H_3  		CODE           	9134	0000	91
		_Function_G_4  		CODE           	7F52	0000	155
		_Function_D_5  		CODE           	876C	0000	123
		_Function_H_4  		CODE           	7794	0000	179
		_Function_H_5  		CODE           	7A4C	0000	171
		_Function_H_6  		CODE           	8C78	0000	111
		_Function_H_7  		CODE           	7846	0000	175
		_Function_H_8  		CODE           	8C0A	0000	111
		_Function_H_9  		CODE           	7FEC	0000	151
		_setControllerNumbers		CODE           	22B8	0000	1271
		_Function_H_6_1		CODE           	7EB6	0000	157
		_Function_H_8_1		CODE           	8952	0000	119
		_Function_H_9_1		CODE           	7CD6	0000	161
		_Function_H_6_2		CODE           	79A2	0000	171
		_Function_H_8_2		CODE           	8EF4	0000	101
		_Function_H_9_2		CODE           	7C36	0000	161
		_Function_H_9_3		CODE           	7B96	0000	161
		_Function_H_9_4		CODE           	7AF6	0000	161
		_un_block_code 		CODE           	9956	0000	25
		_exitLoad      		CODE           	95CE	0000	59
		_exitFunction  		CODE           	9594	0000	59
		_initializeMenuArray		CODE           	4DE6	0000	515
		_setControllerResolution		CODE           	97AE	0000	45
		_menu_lcd      		CODE           	6E9A	0000	223
		_clear_row1    		CODE           	982C	0000	41
		_clear_row2    		CODE           	9804	0000	41
		_int2string    		CODE           	7610	0000	197

menu.c estimated size: 8960

C:\Program Files (x86)\Microchip\xc8\v1.45\sources\common\awdiv.c
		___awdiv       		CODE           	6138	0000	307

C:\Program Files (x86)\Microchip\xc8\v1.45\sources\common\awdiv.c estimated size: 307

lcd.c
		_Lcd_Cmd       		CODE           	987C	0000	39
		_Lcd_SetBit    		CODE           	977E	0000	49
		_Lcd_Start     		CODE           	8350	0000	141
		_Lcd_Set_Cursor		CODE           	8FBA	0000	99
		_Lcd_Clear     		CODE           	9986	0000	23
		_Lcd_Print_String		CODE           	84E8	0000	133
		_Lcd_Print_Char		CODE           	856C	0000	133

lcd.c estimated size: 617

C:\Program Files (x86)\Microchip\xc8\v1.45\sources\common\lbmod.c
		___lbmod       		CODE           	82C2	0000	143

C:\Program Files (x86)\Microchip\xc8\v1.45\sources\common\lbmod.c estimated size: 143

encoder.c
		_processEncoderBuxton		CODE           	0014	0000	2589
		_encoderInputsBuxton		CODE           	8670	0000	129

encoder.c estimated size: 2718

midi.c
		_pitchBend     		CODE           	9448	0000	73
		_noteOff       		CODE           	9490	0000	73
		_noteOffDrum   		CODE           	96E8	0000	53
		_sendUSB       		CODE           	6DB6	0000	229
		_sendOut       		CODE           	6CC8	0000	239
		_controlChange 		CODE           	918E	0000	89
		_programChange 		CODE           	93B8	0000	73
		_noteOnDrum    		CODE           	91E6	0000	85
		_noteOn        		CODE           	8B26	0000	115

midi.c estimated size: 1029

C:\Program Files (x86)\Microchip\xc8\v1.45\sources\common\xxtofl.c
		___xxtofl      		CODE           	5FE4	0000	341

C:\Program Files (x86)\Microchip\xc8\v1.45\sources\common\xxtofl.c estimated size: 341

C:\Program Files (x86)\Microchip\xc8\v1.45\sources\common\aldiv.c
		___aldiv       		CODE           	747C	0000	207

C:\Program Files (x86)\Microchip\xc8\v1.45\sources\common\aldiv.c estimated size: 207

C:\Program Files (x86)\Microchip\xc8\v1.45\sources\pic18\plib\EEP\write_B.c
		_Write_b_eep   		CODE           	94D8	0000	67

C:\Program Files (x86)\Microchip\xc8\v1.45\sources\pic18\plib\EEP\write_B.c estimated size: 67

C:\Program Files (x86)\Microchip\xc8\v1.45\sources\common\flneg.c
		___flneg       		CODE           	974E	0000	49

C:\Program Files (x86)\Microchip\xc8\v1.45\sources\common\flneg.c estimated size: 49

main.c
		_clock         		CODE           	99EE	0000	7
		_ISR           		CODE           	0008	0000	431
		_buttonInputsSerial		CODE           	86F0	0000	125
		_main          		CODE           	6AE2	0000	245
		_panic_button  		CODE           	98A2	0000	35
		_load          		CODE           	99E8	0000	7
		_digitalInputs 		CODE           	923A	0000	83
		_analogInputs  		CODE           	9400	0000	73
		_setup         		CODE           	8A3E	0000	117

main.c estimated size: 1123

C:\Program Files (x86)\Microchip\xc8\v1.45\sources\common\strcpy.c
		_strcpy        		CODE           	971C	0000	51

C:\Program Files (x86)\Microchip\xc8\v1.45\sources\common\strcpy.c estimated size: 51

C:\Program Files (x86)\Microchip\xc8\v1.45\sources\common\sprcmul.c
		___flmul       		CODE           	2FE4	0000	851

C:\Program Files (x86)\Microchip\xc8\v1.45\sources\common\sprcmul.c estimated size: 851

keyboard.c
		_keyboard_eight_note_efficient		CODE           	2BE2	0000	1027
		_playTriad     		CODE           	5B92	0000	389
		_playDiatonicTriadMajor		CODE           	5A02	0000	401
		_playDiatonicSeventhMajor		CODE           	56DE	0000	403
		_keyboard_all_note_efficient		CODE           	1898	0000	1307
		_keyboard_sharps_only_efficient		CODE           	3EF0	0000	687
		_playSeventh   		CODE           	5870	0000	403
		_processKeyboard		CODE           	8D52	0000	109
		_playThisNotePentatonic		CODE           	5544	0000	411
		_playThisNote  		CODE           	67E0	0000	261
		_playThisNote8 		CODE           	27AE	0000	1077
		_playDiatonicTriadMinor		CODE           	46EC	0000	611
		_playDiatonicSeventhMinor		CODE           	494E	0000	609

keyboard.c estimated size: 7695

