Microchip MPLAB XC8 Compiler V1.45 ()

Linker command line:

-W9 --edf=C:\Program Files (x86)\Microchip\xc8\v1.45\dat\en_msgs.txt -cs \
  -h+dist/default/production\midi_transmit_18F4680_2_octave_v1.0a.production.sym \
  --cmf=dist/default/production\midi_transmit_18F4680_2_octave_v1.0a.production.cmf \
  -z -Q18F4680 -oC:\Users\Bill\AppData\Local\Temp\s8no.2 \
  -Mdist/default/production/midi_transmit_18F4680_2_octave_v1.0a.production.map \
  -E1 -ver=XC8 --acfsm=1493 -ASTACK=0369h-0cffh -pstack=STACK \
  -ACODE=00h-0FFFFh -ACONST=00h-0FFFFh -ASMALLCONST=0D00h-0DFFhx243 \
  -AMEDIUMCONST=0D00h-0FFFFh -ACOMRAM=01h-05Fh -AABS1=00h-0CFFh \
  -ABIGRAM=01h-0CFFh -ARAM=060h-0FFh,0100h-01FFhx12 -ABANK0=060h-0FFh \
  -ABANK1=0100h-01FFh -ABANK2=0200h-02FFh -ABANK3=0300h-03FFh \
  -ABANK4=0400h-04FFh -ABANK5=0500h-05FFh -ABANK6=0600h-06FFh \
  -ABANK7=0700h-07FFh -ABANK8=0800h-08FFh -ABANK9=0900h-09FFh \
  -ABANK10=0A00h-0AFFh -ABANK11=0B00h-0BFFh -ABANK12=0C00h-0CFFh \
  -ASFR=0D00h-0DFFhx2,0F00h-0F5Fh,0F60h-0FFFh \
  -preset_vec=00h,intcode=08h,intcodelo,powerup,init -pramtop=0D00h \
  -psmallconst=SMALLCONST -pmediumconst=MEDIUMCONST -pconst=CONST \
  -AFARRAM=00h-00h -ACONFIG=0300000h-030000Dh -pconfig=CONFIG \
  -AIDLOC=0200000h-0200007h -pidloc=IDLOC -AEEDATA=0F00000h-0F003FFh \
  -peeprom_data=EEDATA \
  -prdata=COMRAM,nvrram=COMRAM,nvbit=COMRAM,rbss=COMRAM,rbit=COMRAM \
  -pfarbss=FARRAM,fardata=FARRAM,nvFARRAM=FARRAM \
  -pintsave_regs=BIGRAM,bigbss=BIGRAM,bigdata=BIGRAM -pbss=RAM \
  -pidata=CODE,irdata=CODE,ibigdata=CODE,ifardata=CODE -prparam=COMRAM \
  C:\Users\Bill\AppData\Local\Temp\s8no.obj \
  dist/default/production\midi_transmit_18F4680_2_octave_v1.0a.production.obj 

Object code version is 3.11

Machine type is 18F4680

Call graph: (short form)




                Name                               Link     Load   Length Selector   Space Scale
C:\Users\Bill\AppData\Local\Temp\s8no.obj
                init                                  E        E        4        4       0
                reset_vec                             0        0        4        0       0
                idloc                            200000   200000        8   200000       0
                config                           300000   300000        E   300000       0
dist/default/production\midi_transmit_18F4680_2_octave_v1.0a.production.obj
                eeprom_data                      F00000   F00000        8   F00000       0
                intcode                               8        8        6        4       0
                temp                                 5F       5F        1        1       1
                mediumconst                        E8C2     E8C2     173E     7461       0
                text157                            7C6E     7C6E       84        4       0
                text156                            8608     8608       70        4       0
                text155                            4040     4040      2A8        4       0
                text154                            661C     661C       FA        4       0
                text153                            9602     9602       14     43DC       0
                text152                            7DF4     7DF4       80        4       0
                text151                            61F6     61F6      11A        4       0
                text150                            95B8     95B8       1C     43DC       0
                text149                            755A     755A       9A        4       0
                text148                            91A2     91A2       3C     43DC       0
                text147                            8B7C     8B7C       5C     43DC       0
                text146                            8D3A     8D3A       56     43DC       0
                text145                            8DE4     8DE4       54     43DC       0
                text144                            8C32     8C32       5A     43DC       0
                text143                            7CF2     7CF2       82        4       0
                text142                             A42      A42      70A        4       0
                text141                            942A     942A       2A     43DC       0
                text140                            9628     9628       12     43DC       0
                intcode_body                       5236     5236      198        4       0
                text138                            95EE     95EE       14     43DC       0
                text137                            934A     934A       30     43DC       0
                text136                            94F4     94F4       26     43DC       0
                text135                            77B4     77B4       8C        4       0
                text134                            9216     9216       38     43DC       0
                text133                            31EE     31EE      33E        4       0
                text132                            2E9C     2E9C      352        4       0
                text131                            931A     931A       30     43DC       0
                text130                            69C6     69C6       DE        4       0
                text129                            5E52     5E52      154        4       0
                text128                            6B78     6B78       CE        4       0
                text127                            8C8C     8C8C       58     43DC       0
                text126                            67FE     67FE       E6        4       0
                text125                            959A     959A       1E     43DC       0
                text124                            7380     7380       A2        4       0
                text123                            9282     9282       34     43DC       0
                text122                            924E     924E       34     43DC       0
                text121                            3D98     3D98      2A8        4       0
                text120                            114C     114C      600        4       0
                text119                            9674     9674        6     4B31       0
                text118                            966E     966E        6     4B31       0
                text117                            9668     9668        6     4B31       0
                text116                            825C     825C       7C        4       0
                text115                            8FFA     8FFA       40     43DC       0
                text114                            5B92     5B92      162        4       0
                text113                            9616     9616       12     43DC       0
                text112                            9400     9400       2A     43DC       0
                text111                            42E8     42E8      2A6        4       0
                text110                            91DE     91DE       38     43DC       0
                text109                            8CE4     8CE4       56     43DC       0
                text108                            1C66     1C66      516        4       0
                text107                            83CA     83CA       78        4       0
                text106                            651E     651E       FE        4       0
                text105                            9166     9166       3C     43DC       0
                text104                            92E8     92E8       32     43DC       0
                text103                            912A     912A       3C     43DC       0
                text102                            88EA     88EA       62     43DC       0
                text101                            8526     8526       72        4       0
                text100                            8B20     8B20       5C     43DC       0
                text99                             8AC4     8AC4       5C     43DC       0
                text98                             7BEA     7BEA       84        4       0
                text97                             81E0     81E0       7C        4       0
                text96                             957C     957C       1E     43DC       0
                text95                             89AC     89AC       60     43DC       0
                text94                             5884     5884      18E        4       0
                text93                             5A12     5A12      180        4       0
                text92                             641A     641A      104        4       0
                text91                             174C     174C      51A        4       0
                text90                             5562     5562      192        4       0
                text89                             47EC     47EC      25C        4       0
                text88                             56F4     56F4      190        4       0
                text87                             458E     458E      25E        4       0
                text86                             2674     2674      426        4       0
                text85                             2A9A     2A9A      402        4       0
                text84                             53CE     53CE      194        4       0
                text83                             3AEA     3AEA      2AE        4       0
                text82                             8678     8678       6C        4       0
                text81                             94CC     94CC       28     43DC       0
                text80                             92B6     92B6       32     43DC       0
                text79                             955C     955C       20     43DC       0
                text78                             5076     5076      1C0        4       0
                text77                             352C     352C      308        4       0
                text76                             8D90     8D90       54     43DC       0
                text75                             7FEE     7FEE       7E        4       0
                text74                             4C80     4C80      202        4       0
                text73                             95D4     95D4       1A     43DC       0
                text72                             9662     9662        6     4B31       0
                text71                             8FB8     8FB8       42     43DC       0
                text70                             4E82     4E82      1F4        4       0
                text69                             8F6E     8F6E       4A     43DC       0
                text68                             937A     937A       2E     43DC       0
                text67                             7B66     7B66       84        4       0
                text66                             8164     8164       7C        4       0
                text65                             8BD8     8BD8       5A     43DC       0
                text64                             94A4     94A4       28     43DC       0
                text63                             947C     947C       28     43DC       0
                text62                               12       12      A30        4       0
                text61                             80E8     80E8       7C        4       0
                text60                             806C     806C       7C        4       0
                text59                             7AE2     7AE2       84        4       0
                text58                             7F70     7F70       7E        4       0
                text57                             7D74     7D74       80        4       0
                text56                             7720     7720       94        4       0
                text55                             79D8     79D8       86        4       0
                text54                             6AA4     6AA4       D4        4       0
                text53                             60CE     60CE      128        4       0
                text52                             5FA6     5FA6      128        4       0
                text51                             7950     7950       88        4       0
                text50                             93D4     93D4       2C     43DC       0
                text49                             78C8     78C8       88        4       0
                text48                             3834     3834      2B6        4       0
                text47                             8F24     8F24       4A     43DC       0
                text46                             894C     894C       60     43DC       0
                text45                             217C     217C      4F8        4       0
                text44                             82D8     82D8       7A        4       0
                text43                             7EF2     7EF2       7E        4       0
                text42                             7E74     7E74       7E        4       0
                text41                             7A5E     7A5E       84        4       0
                text40                             8ED6     8ED6       4E     43DC       0
                text39                             8E88     8E88       4E     43DC       0
                text38                             8598     8598       70        4       0
                text37                             93A8     93A8       2C     43DC       0
                text36                             86E4     86E4       6A        4       0
                text35                             90EE     90EE       3C     43DC       0
                text34                             90B2     90B2       3C     43DC       0
                text33                             72DE     72DE       A2        4       0
                text32                             9076     9076       3C     43DC       0
                text31                             5CF4     5CF4      15E        4       0
                text30                             4A48     4A48      238        4       0
                text29                             723C     723C       A2        4       0
                text28                             8A68     8A68       5C     43DC       0
                text27                             903A     903A       3C     43DC       0
                text26                             7422     7422       9E        4       0
                text25                             768C     768C       94        4       0
                text24                             74C0     74C0       9A        4       0
                text23                             87B8     87B8       68     43DC       0
                text22                             8A0C     8A0C       5C     43DC       0
                text21                             6C46     6C46       B8        4       0
                text20                             6DAE     6DAE       AE        4       0
                text19                             7840     7840       88        4       0
                text18                             6F08     6F08       AC        4       0
                text17                             84B4     84B4       72        4       0
                text16                             6CFE     6CFE       B0        4       0
                text15                             8352     8352       78        4       0
                text14                             8820     8820       66     43DC       0
                text13                             8442     8442       72        4       0
                text12                             719A     719A       A2        4       0
                text11                             70F8     70F8       A2        4       0
                text10                             7056     7056       A2        4       0
                text9                              6FB4     6FB4       A2        4       0
                text8                              75F4     75F4       98        4       0
                text7                              6E5C     6E5C       AC        4       0
                text6                              964A     964A        E     43DC       0
                text5                              68E4     68E4       E2        4       0
                text4                              951A     951A       22     43DC       0
                text3                              953C     953C       20     43DC       0
                text2                              8886     8886       64     43DC       0
                text1                              963A     963A       10     43DC       0
                text0                              6310     6310      10A        4       0
                cstackCOMRAM                          1        1       31        1       1
                cstackBANK0                          60       60       70       60       1
                cstackBANK1                         187      187       50      100       1
                dataBANK3                           300      300       69      300       1
                dataBANK2                           2AC      2AC       50      200       1
                bssBANK2                            200      200       AC      200       1
                dataBANK1                           1D7      1D7       28      100       1
                bssBANK1                            100      100       87      100       1
                dataBANK0                            F7       F7        9       60       1
                bssBANK0                             D0       D0       27       60       1
                dataCOMRAM                           5B       5B        4        1       1
                bssCOMRAM                            37       37       24        1       1
                bitbssCOMRAM                        190       32       27        1       1     8
                cinit                              6716     6716       E8        4       0
                idataBANK3                         874E     874E       69        4       0
                idataBANK2                         8E38     8E38       50     43DC       0
                idataBANK1                         9454     9454       28     43DC       0
                idataBANK0                         9658     9658        9     43DC       0
                idataCOMRAM                        967A     967A        4     4B31       0

TOTAL           Name                               Link     Load   Length     Space
        CLASS   STACK          

        CLASS   CODE           
                intcode                               8        8        6         0
                init                                  E        E        4         0
                reset_vec                             0        0        4         0
                text157                            7C6E     7C6E       84         0
                text156                            8608     8608       70         0
                text155                            4040     4040      2A8         0
                text154                            661C     661C       FA         0
                text153                            9602     9602       14         0
                text152                            7DF4     7DF4       80         0
                text151                            61F6     61F6      11A         0
                text150                            95B8     95B8       1C         0
                text149                            755A     755A       9A         0
                text148                            91A2     91A2       3C         0
                text147                            8B7C     8B7C       5C         0
                text146                            8D3A     8D3A       56         0
                text145                            8DE4     8DE4       54         0
                text144                            8C32     8C32       5A         0
                text143                            7CF2     7CF2       82         0
                text142                             A42      A42      70A         0
                text141                            942A     942A       2A         0
                text140                            9628     9628       12         0
                intcode_body                       5236     5236      198         0
                text138                            95EE     95EE       14         0
                text137                            934A     934A       30         0
                text136                            94F4     94F4       26         0
                text135                            77B4     77B4       8C         0
                text134                            9216     9216       38         0
                text133                            31EE     31EE      33E         0
                text132                            2E9C     2E9C      352         0
                text131                            931A     931A       30         0
                text130                            69C6     69C6       DE         0
                text129                            5E52     5E52      154         0
                text128                            6B78     6B78       CE         0
                text127                            8C8C     8C8C       58         0
                text126                            67FE     67FE       E6         0
                text125                            959A     959A       1E         0
                text124                            7380     7380       A2         0
                text123                            9282     9282       34         0
                text122                            924E     924E       34         0
                text121                            3D98     3D98      2A8         0
                text120                            114C     114C      600         0
                text119                            9674     9674        6         0
                text118                            966E     966E        6         0
                text117                            9668     9668        6         0
                text116                            825C     825C       7C         0
                text115                            8FFA     8FFA       40         0
                text114                            5B92     5B92      162         0
                text113                            9616     9616       12         0
                text112                            9400     9400       2A         0
                text111                            42E8     42E8      2A6         0
                text110                            91DE     91DE       38         0
                text109                            8CE4     8CE4       56         0
                text108                            1C66     1C66      516         0
                text107                            83CA     83CA       78         0
                text106                            651E     651E       FE         0
                text105                            9166     9166       3C         0
                text104                            92E8     92E8       32         0
                text103                            912A     912A       3C         0
                text102                            88EA     88EA       62         0
                text101                            8526     8526       72         0
                text100                            8B20     8B20       5C         0
                text99                             8AC4     8AC4       5C         0
                text98                             7BEA     7BEA       84         0
                text97                             81E0     81E0       7C         0
                text96                             957C     957C       1E         0
                text95                             89AC     89AC       60         0
                text94                             5884     5884      18E         0
                text93                             5A12     5A12      180         0
                text92                             641A     641A      104         0
                text91                             174C     174C      51A         0
                text90                             5562     5562      192         0
                text89                             47EC     47EC      25C         0
                text88                             56F4     56F4      190         0
                text87                             458E     458E      25E         0
                text86                             2674     2674      426         0
                text85                             2A9A     2A9A      402         0
                text84                             53CE     53CE      194         0
                text83                             3AEA     3AEA      2AE         0
                text82                             8678     8678       6C         0
                text81                             94CC     94CC       28         0
                text80                             92B6     92B6       32         0
                text79                             955C     955C       20         0
                text78                             5076     5076      1C0         0
                text77                             352C     352C      308         0
                text76                             8D90     8D90       54         0
                text75                             7FEE     7FEE       7E         0
                text74                             4C80     4C80      202         0
                text73                             95D4     95D4       1A         0
                text72                             9662     9662        6         0
                text71                             8FB8     8FB8       42         0
                text70                             4E82     4E82      1F4         0
                text69                             8F6E     8F6E       4A         0
                text68                             937A     937A       2E         0
                text67                             7B66     7B66       84         0
                text66                             8164     8164       7C         0
                text65                             8BD8     8BD8       5A         0
                text64                             94A4     94A4       28         0
                text63                             947C     947C       28         0
                text62                               12       12      A30         0
                text61                             80E8     80E8       7C         0
                text60                             806C     806C       7C         0
                text59                             7AE2     7AE2       84         0
                text58                             7F70     7F70       7E         0
                text57                             7D74     7D74       80         0
                text56                             7720     7720       94         0
                text55                             79D8     79D8       86         0
                text54                             6AA4     6AA4       D4         0
                text53                             60CE     60CE      128         0
                text52                             5FA6     5FA6      128         0
                text51                             7950     7950       88         0
                text50                             93D4     93D4       2C         0
                text49                             78C8     78C8       88         0
                text48                             3834     3834      2B6         0
                text47                             8F24     8F24       4A         0
                text46                             894C     894C       60         0
                text45                             217C     217C      4F8         0
                text44                             82D8     82D8       7A         0
                text43                             7EF2     7EF2       7E         0
                text42                             7E74     7E74       7E         0
                text41                             7A5E     7A5E       84         0
                text40                             8ED6     8ED6       4E         0
                text39                             8E88     8E88       4E         0
                text38                             8598     8598       70         0
                text37                             93A8     93A8       2C         0
                text36                             86E4     86E4       6A         0
                text35                             90EE     90EE       3C         0
                text34                             90B2     90B2       3C         0
                text33                             72DE     72DE       A2         0
                text32                             9076     9076       3C         0
                text31                             5CF4     5CF4      15E         0
                text30                             4A48     4A48      238         0
                text29                             723C     723C       A2         0
                text28                             8A68     8A68       5C         0
                text27                             903A     903A       3C         0
                text26                             7422     7422       9E         0
                text25                             768C     768C       94         0
                text24                             74C0     74C0       9A         0
                text23                             87B8     87B8       68         0
                text22                             8A0C     8A0C       5C         0
                text21                             6C46     6C46       B8         0
                text20                             6DAE     6DAE       AE         0
                text19                             7840     7840       88         0
                text18                             6F08     6F08       AC         0
                text17                             84B4     84B4       72         0
                text16                             6CFE     6CFE       B0         0
                text15                             8352     8352       78         0
                text14                             8820     8820       66         0
                text13                             8442     8442       72         0
                text12                             719A     719A       A2         0
                text11                             70F8     70F8       A2         0
                text10                             7056     7056       A2         0
                text9                              6FB4     6FB4       A2         0
                text8                              75F4     75F4       98         0
                text7                              6E5C     6E5C       AC         0
                text6                              964A     964A        E         0
                text5                              68E4     68E4       E2         0
                text4                              951A     951A       22         0
                text3                              953C     953C       20         0
                text2                              8886     8886       64         0
                text1                              963A     963A       10         0
                text0                              6310     6310      10A         0
                cinit                              6716     6716       E8         0
                idataBANK3                         874E     874E       69         0
                idataBANK2                         8E38     8E38       50         0
                idataBANK1                         9454     9454       28         0
                idataBANK0                         9658     9658        9         0
                idataCOMRAM                        967A     967A        4         0

        CLASS   CONST          

        CLASS   SMALLCONST     

        CLASS   MEDIUMCONST    
                mediumconst                        E8C2     E8C2     173E         0

        CLASS   COMRAM         
                temp                                 5F       5F        1         1
                cstackCOMRAM                          1        1       31         1
                dataCOMRAM                           5B       5B        4         1
                bssCOMRAM                            37       37       24         1
                bitbssCOMRAM                        190       32       27         1

        CLASS   ABS1           

        CLASS   BIGRAM         

        CLASS   RAM            

        CLASS   BANK0          
                cstackBANK0                          60       60       70         1
                dataBANK0                            F7       F7        9         1
                bssBANK0                             D0       D0       27         1

        CLASS   BANK1          
                cstackBANK1                         187      187       50         1
                dataBANK1                           1D7      1D7       28         1
                bssBANK1                            100      100       87         1

        CLASS   BANK2          
                dataBANK2                           2AC      2AC       50         1
                bssBANK2                            200      200       AC         1

        CLASS   BANK3          
                dataBANK3                           300      300       69         1

        CLASS   BANK4          

        CLASS   BANK5          

        CLASS   BANK6          

        CLASS   BANK7          

        CLASS   BANK8          

        CLASS   BANK9          

        CLASS   BANK10         

        CLASS   BANK11         

        CLASS   BANK12         

        CLASS   SFR            

        CLASS   FARRAM         

        CLASS   CONFIG         
                config                           300000   300000        E         0

        CLASS   IDLOC          
                idloc                            200000   200000        8         0

        CLASS   EEDATA         
                eeprom_data                      F00000   F00000        8         0



SEGMENTS        Name                           Load    Length   Top    Selector   Space  Class

                reset_vec                      000000  000004  000004         0       0  CODE    
                cstackCOMRAM                   000001  00005F  000060         1       1  COMRAM  
                intcode                        000008  0087AF  0087B7         4       0  CODE    
                cstackBANK0                    000060  0000A0  000100        60       1  BANK0   
                bssBANK1                       000100  0000FF  0001FF       100       1  BANK1   
                bssBANK2                       000200  0000FC  0002FC       200       1  BANK2   
                dataBANK3                      000300  000069  000369       300       1  BANK3   
                text23                         0087B8  000EA9  009661      43DC       0  CODE    
                text72                         009662  00001C  00967E      4B31       0  CODE    
                mediumconst                    00E8C2  00173E  010000      7461       0  MEDIUMCO
                idloc                          200000  000008  200008    200000       0  IDLOC   
                config                         300000  00000E  30000E    300000       0  CONFIG  
                eeprom_data                    F00000  000008  F00008    F00000       0  EEDATA  


UNUSED ADDRESS RANGES

        Name                Unused          Largest block    Delta
        BANK1            0001FF-0001FF                1
        BANK10           000A00-000AFF              100
        BANK11           000B00-000BFF              100
        BANK12           000C00-000CFF              100
        BANK2            0002FC-0002FF                4
        BANK3            000369-0003FF               97
        BANK4            000400-0004FF              100
        BANK5            000500-0005FF              100
        BANK6            000600-0006FF              100
        BANK7            000700-0007FF              100
        BANK8            000800-0008FF              100
        BANK9            000900-0009FF              100
        BIGRAM           0001FF-0001FF                1
                         0002FC-0002FF                4
                         000369-000CFF              997
        CODE             000004-000007                4
                         0087B7-0087B7                1
                         009661-009661                1
                         00967E-00E8C1             5244
        CONST            000004-000007                4
                         0087B7-0087B7                1
                         009661-009661                1
                         00967E-00E8C1             5244
        EEDATA           F00008-F003FF              3F8
        MEDIUMCONST      0087B7-0087B7                1
                         009661-009661                1
                         00967E-00E8C1             5244
        RAM              0001FF-0001FF                1
                         0002FC-0002FF                4
                         000369-000CFF              100
        SFR              000D00-000FFF              100
        SMALLCONST       0087B7-0087B7                1
                         009661-009661                1
                         00967E-00E8C1              100
        STACK            000369-000CFF              997

                                  Symbol Table

?_ADC_Read                                        cstackBANK0  000060
?___aldiv                                         cstackBANK0  00006C
?___awdiv                                         cstackBANK0  000060
?___awmod                                         cstackBANK0  00006E
?___fladd                                         cstackBANK0  0000A4
?___fldiv                                         cstackBANK0  000087
?___flmul                                         cstackBANK0  00006E
?___flneg                                         cstackBANK0  0000A0
?___fltol                                         cstackBANK0  0000B8
?___lmul                                          cstackBANK0  000060
?___wmul                                          cstackBANK0  000064
?___xxtofl                                        cstackBANK0  000060
?_calculate_pulse_length                          cstackBANK0  0000C2
?_map                                             cstackBANK0  00007A
?_rand                                            cstackBANK0  00006C
?i2___awdiv                                       cstackCOMRAM 000001
?i2___awmod                                       cstackCOMRAM 00000F
?i2___lmul                                        cstackCOMRAM 000001
?i2_rand                                          cstackCOMRAM 00000D
ADC_Read@adc_channel                              cstackBANK0  000064
Function_C_2@array_index                          cstackBANK0  00007B
Function_C_3@array_index                          cstackBANK0  00007B
Function_D_3@array_index                          cstackBANK0  00007D
Function_D_4@array_index                          cstackBANK0  00007D
Function_D_5@array_index                          cstackBANK0  00007D
Function_H_5@i                                    cstackBANK0  000071
Lcd_Cmd@a                                         cstackBANK0  000062
Lcd_Print_Char@Lower_Nibble                       cstackBANK0  000061
Lcd_Print_Char@Upper_Nibble                       cstackBANK0  000062
Lcd_Print_Char@data                               cstackBANK0  000063
Lcd_Print_Char@i                                  cstackBANK0  000064
Lcd_Print_Char@i_57                               cstackBANK0  000066
Lcd_Print_String@a                                cstackBANK0  00006A
Lcd_Print_String@i                                cstackBANK0  00006E
Lcd_SetBit@data_bit                               cstackBANK0  000060
Lcd_Set_Cursor@a                                  cstackBANK0  000064
Lcd_Set_Cursor@b                                  cstackBANK0  000063
Lcd_Set_Cursor@temp                               cstackBANK0  000067
Lcd_Set_Cursor@y                                  cstackBANK0  000066
Lcd_Set_Cursor@z                                  cstackBANK0  000065
Lcd_Start@i                                       cstackBANK0  000064
Read_b_eep@badd                                   cstackBANK0  000060
Write_b_eep@GIE_BIT_VAL                           cstackBANK0  000063
Write_b_eep@badd                                  cstackBANK0  000060
Write_b_eep@bdat                                  cstackBANK0  000062
_ADCON0                                           (abs)        000FC2
_ADCON1                                           (abs)        000FC1
_ADCON2                                           (abs)        000FC0
_ADC_Initialize                                   text138      0095EE
_ADC_Read                                         text134      009216
_ADON                                             (abs)        007E10
_ADRESH                                           (abs)        000FC4
_ADRESL                                           (abs)        000FC3
_ARPEGGIO                                         bssBANK1     000172
_ARPEGGIO_ON                                      bitbssCOMRAM 0001AC
_ARPEGGIO_RANDOM                                  bssBANK2     00028C
_ARPEGGIO_SORTED                                  bssBANK2     00029C
_ARPEGGIO_TYPE                                    bssBANK0     0000EA
_ARRAY_INDEX                                      bssBANK0     0000E4
_AUTO_LATCH                                       bitbssCOMRAM 0001A7
_AUTO_RANDOMIZE                                   bitbssCOMRAM 0001A5
_BPM                                              dataBANK0    0000FF
_BRGH                                             (abs)        007D62
_Busy_eep                                         text72       009662
_CMCON                                            (abs)        000FB4
_CONTROL_MODE                                     bitbssCOMRAM 000194
_CREN                                             (abs)        007D5C
_DIGIT_MODE                                       bssCOMRAM    000059
_DISPLAY_MODE                                     bssCOMRAM    00005A
_DISPLAY_STEP_NUMBER                              bitbssCOMRAM 000196
_DRUM_CC                                          dataBANK1    0001D7
_DRUM_MODE                                        bitbssCOMRAM 000195
_DRUM_NOTE                                        dataBANK1    0001DF
_EEADR                                            (abs)        000FA9
_EEADRH                                           (abs)        000FAA
_EECON1bits                                       (abs)        000FA6
_EECON2                                           (abs)        000FA7
_EEDATA                                           (abs)        000FA8
_Function_A                                       text58       007F70
_Function_A_1                                     text61       0080E8
_Function_A_2                                     text60       00806C
_Function_A_3                                     text59       007AE2
_Function_B                                       text57       007D74
_Function_C                                       text51       007950
_Function_C_1                                     text56       007720
_Function_C_2                                     text53       0060CE
_Function_C_3                                     text52       005FA6
_Function_D                                       text41       007A5E
_Function_D_1                                     text49       0078C8
_Function_D_2                                     text46       00894C
_Function_D_3                                     text44       0082D8
_Function_D_4                                     text43       007EF2
_Function_D_5                                     text42       007E74
_Function_E                                       text38       008598
_Function_E_1                                     text40       008ED6
_Function_E_2                                     text39       008E88
_Function_F                                       text36       0086E4
_Function_G                                       text25       00768C
_Function_G_1                                     text33       0072DE
_Function_G_2                                     text29       00723C
_Function_G_3                                     text28       008A68
_Function_G_4                                     text26       007422
_Function_H                                       text7        006E5C
_Function_H_1                                     text24       0074C0
_Function_H_2                                     text23       0087B8
_Function_H_3                                     text22       008A0C
_Function_H_4                                     text21       006C46
_Function_H_5                                     text20       006DAE
_Function_H_6                                     text17       0084B4
_Function_H_6_1                                   text19       007840
_Function_H_6_2                                   text18       006F08
_Function_H_7                                     text16       006CFE
_Function_H_8                                     text13       008442
_Function_H_8_1                                   text15       008352
_Function_H_8_2                                   text14       008820
_Function_H_9                                     text8        0075F4
_Function_H_9_1                                   text12       00719A
_Function_H_9_2                                   text11       0070F8
_Function_H_9_3                                   text10       007056
_Function_H_9_4                                   text9        006FB4
_GIE                                              (abs)        007F97
_GO_nDONE                                         (abs)        007E11
_HYST_VAL                                         dataBANK1    0001EB
_INT0IE                                           (abs)        007F94
_INT0IF                                           (abs)        007F91
_INTCONbits                                       (abs)        000FF2
_INTEDG0                                          (abs)        007F8E
_IPEN                                             (abs)        007E87
_ISR                                              intcode      000008
_KEYBOARD_MODE                                    bssBANK0     0000F2
_LAST_NOTE_MODE_KEY_PRESS                         bitbssCOMRAM 0001A2
_LAST_NOTE_MODE_KEY_RELEASE                       bitbssCOMRAM 0001A1
_LAST_NOTE_MODE_RESET                             bitbssCOMRAM 00019F
_LAST_NOTE_MODE_TRANSPOSE                         bitbssCOMRAM 0001A0
_LATCH                                            bitbssCOMRAM 0001A9
_LCD_STRINGS                                      mediumconst  00F39E
_Lcd_Clear                                        text6        00964A
_Lcd_Cmd                                          text136      0094F4
_Lcd_Print_Char                                   text67       007B66
_Lcd_Print_String                                 text66       008164
_Lcd_SetBit                                       text137      00934A
_Lcd_Set_Cursor                                   text65       008BD8
_Lcd_Start                                        text135      0077B4
_MAX_NUM_NOTES                                    mediumconst  00F39D
_NOTE_LENGTH_PULSES                               dataBANK0    0000F7
_NOTE_LENGTH_PULSES_ARRAY                         dataBANK2    0002DC
_NUM_NOTES_PRESSED                                bssBANK0     0000E5
_OCTAVES                                          dataBANK0    0000F8
_ON_OFF                                           bitbssCOMRAM 0001B5
_PEIE                                             (abs)        007F96
_PORTA                                            (abs)        000F80
_PORTB                                            (abs)        000F81
_PORTC                                            (abs)        000F82
_PORTD                                            (abs)        000F83
_PORTE                                            (abs)        000F84
_POT_MODE                                         bitbssCOMRAM 0001B4
_PPQN                                             dataCOMRAM   00005E
_PRESCALER                                        dataCOMRAM   00005D
_PSA                                              (abs)        007EAB
_RA5                                              (abs)        007C05
_RB0                                              (abs)        007C08
_RB1                                              (abs)        007C09
_RB2                                              (abs)        007C0A
_RB4                                              (abs)        007C0C
_RB5                                              (abs)        007C0D
_RBIE                                             (abs)        007F93
_RBIF                                             (abs)        007F90
_RC0                                              (abs)        007C10
_RC1                                              (abs)        007C11
_RC2                                              (abs)        007C12
_RC3                                              (abs)        007C13
_RC4                                              (abs)        007C14
_RC5                                              (abs)        007C15
_RD4                                              (abs)        007C1C
_RD5                                              (abs)        007C1D
_RD6                                              (abs)        007C1E
_RD7                                              (abs)        007C1F
_RE0                                              (abs)        007C20
_RE1                                              (abs)        007C21
_RE2                                              (abs)        007C22
_RESET_ON_KEY_PRESS                               bitbssCOMRAM 0001AB
_RESET_ON_KEY_RELEASE                             bitbssCOMRAM 0001AA
_Read_b_eep                                       text73       0095D4
_SORT_DIRECTION                                   bitbssCOMRAM 0001AD
_SPBRG                                            (abs)        000FAF
_SPEN                                             (abs)        007D5F
_SYNC                                             (abs)        007D64
_T08BIT                                           (abs)        007EAE
_T0CON                                            (abs)        000FD5
_T0CS                                             (abs)        007EAD
_T2CON                                            (abs)        000FCA
_TIMER_OVERFLOWS                                  bssCOMRAM    000054
_TIMER_PRELOAD                                    bssBANK1     00016D
_TMR0                                             (abs)        000FD6
_TMR0IE                                           (abs)        007F95
_TMR0IF                                           (abs)        007F92
_TMR0ON                                           (abs)        007EAF
_TMR2                                             (abs)        000FCC
_TMR2IE                                           (abs)        007CE9
_TMR2IF                                           (abs)        007CF1
_TMR2ON                                           (abs)        007E52
_TRANSPOSE_MODE                                   bitbssCOMRAM 0001AE
_TRISA                                            (abs)        000F92
_TRISB                                            (abs)        000F93
_TRISC                                            (abs)        000F94
_TRISD                                            (abs)        000F95
_TRISE                                            (abs)        000F96
_TXEN                                             (abs)        007D65
_TXIF                                             (abs)        007CF4
_TXREG                                            (abs)        000FAD
_UN_LATCH_MODE                                    bitbssCOMRAM 0001A8
_Write_b_eep                                      text71       008FB8
__CFG_BBSIZ$1024                                  (abs)        000000
__CFG_BOREN$OFF                                   (abs)        000000
__CFG_BORV$3                                      (abs)        000000
__CFG_CP0$OFF                                     (abs)        000000
__CFG_CP1$OFF                                     (abs)        000000
__CFG_CP2$OFF                                     (abs)        000000
__CFG_CP3$OFF                                     (abs)        000000
__CFG_CPB$OFF                                     (abs)        000000
__CFG_CPD$OFF                                     (abs)        000000
__CFG_EBTR0$OFF                                   (abs)        000000
__CFG_EBTR1$OFF                                   (abs)        000000
__CFG_EBTR2$OFF                                   (abs)        000000
__CFG_EBTR3$OFF                                   (abs)        000000
__CFG_EBTRB$OFF                                   (abs)        000000
__CFG_FCMEN$OFF                                   (abs)        000000
__CFG_IESO$OFF                                    (abs)        000000
__CFG_LPT1OSC$OFF                                 (abs)        000000
__CFG_LVP$OFF                                     (abs)        000000
__CFG_MCLRE$ON                                    (abs)        000000
__CFG_OSC$HS                                      (abs)        000000
__CFG_PBADEN$OFF                                  (abs)        000000
__CFG_PWRT$OFF                                    (abs)        000000
__CFG_STVREN$OFF                                  (abs)        000000
__CFG_WDT$OFF                                     (abs)        000000
__CFG_WDTPS$32768                                 (abs)        000000
__CFG_WRT0$OFF                                    (abs)        000000
__CFG_WRT1$OFF                                    (abs)        000000
__CFG_WRT2$OFF                                    (abs)        000000
__CFG_WRT3$OFF                                    (abs)        000000
__CFG_WRTB$OFF                                    (abs)        000000
__CFG_WRTC$OFF                                    (abs)        000000
__CFG_WRTD$OFF                                    (abs)        000000
__CFG_XINST$OFF                                   (abs)        000000
__HRAM                                            (abs)        000000
__Habs1                                           abs1         000000
__Hbank0                                          bank0        000000
__Hbank1                                          bank1        000000
__Hbank10                                         bank10       000000
__Hbank11                                         bank11       000000
__Hbank12                                         bank12       000000
__Hbank2                                          bank2        000000
__Hbank3                                          bank3        000000
__Hbank4                                          bank4        000000
__Hbank5                                          bank5        000000
__Hbank6                                          bank6        000000
__Hbank7                                          bank7        000000
__Hbank8                                          bank8        000000
__Hbank9                                          bank9        000000
__Hbigbss                                         bigbss       000000
__Hbigdata                                        bigdata      000000
__Hbigram                                         bigram       000000
__HbitbssCOMRAM                                   bitbssCOMRAM 000000
__Hbss                                            bss          000000
__HbssBANK0                                       bssBANK0     000000
__HbssBANK1                                       bssBANK1     000000
__HbssBANK2                                       bssBANK2     000000
__HbssCOMRAM                                      bssCOMRAM    000000
__Hcinit                                          cinit        000000
__Hclrtext                                        clrtext      000000
__Hcomram                                         comram       000000
__Hconfig                                         config       30000E
__Hconst                                          const        000000
__HcstackBANK0                                    cstackBANK0  000000
__HcstackBANK1                                    cstackBANK1  000000
__HcstackCOMRAM                                   cstackCOMRAM 000000
__Hdata                                           data         000000
__HdataBANK0                                      dataBANK0    000000
__HdataBANK1                                      dataBANK1    000000
__HdataBANK2                                      dataBANK2    000000
__HdataBANK3                                      dataBANK3    000000
__HdataCOMRAM                                     dataCOMRAM   000000
__Heeprom_data                                    eeprom_data  F00008
__Hfarbss                                         farbss       000000
__Hfardata                                        fardata      000000
__Hibigdata                                       ibigdata     000000
__Hidata                                          idata        000000
__HidataBANK0                                     idataBANK0   000000
__HidataBANK1                                     idataBANK1   000000
__HidataBANK2                                     idataBANK2   000000
__HidataBANK3                                     idataBANK3   000000
__HidataCOMRAM                                    idataCOMRAM  000000
__Hidloc                                          idloc        200008
__Hifardata                                       ifardata     000000
__Hinit                                           init         000012
__Hintcode                                        intcode      00000E
__Hintcode_body                                   intcode_body 000000
__Hintcodelo                                      intcodelo    00000E
__Hintentry                                       intentry     000000
__Hintret                                         intret       000000
__Hintsave_regs                                   intsave_regs 000000
__Hirdata                                         irdata       000000
__Hmediumconst                                    mediumconst  010000
__HnvFARRAM                                       nvFARRAM     000000
__Hnvbit                                          nvbit        000000
__Hnvrram                                         nvrram       000000
__Hparam                                          rparam       000000
__Hpowerup                                        powerup      00000E
__Hram                                            ram          000000
__Hramtop                                         ramtop       000D00
__Hrbit                                           rbit         000000
__Hrbss                                           rbss         000000
__Hrdata                                          rdata        000000
__Hreset_vec                                      reset_vec    000004
__Hrparam                                         rparam       000000
__Hsfr                                            sfr          000000
__Hsmallconst                                     smallconst   000000
__Hspace_0                                        (abs)        F00008
__Hspace_1                                        (abs)        000369
__Hspace_2                                        (abs)        000000
__Hstack                                          stack        000000
__Hstruct                                         struct       000000
__Htemp                                           temp         000060
__Htext                                           text         000000
__Htext0                                          text0        000000
__Htext1                                          text1        000000
__Htext10                                         text10       000000
__Htext100                                        text100      000000
__Htext101                                        text101      000000
__Htext102                                        text102      000000
__Htext103                                        text103      000000
__Htext104                                        text104      000000
__Htext105                                        text105      000000
__Htext106                                        text106      000000
__Htext107                                        text107      000000
__Htext108                                        text108      000000
__Htext109                                        text109      000000
__Htext11                                         text11       000000
__Htext110                                        text110      000000
__Htext111                                        text111      000000
__Htext112                                        text112      000000
__Htext113                                        text113      000000
__Htext114                                        text114      000000
__Htext115                                        text115      000000
__Htext116                                        text116      000000
__Htext117                                        text117      000000
__Htext118                                        text118      000000
__Htext119                                        text119      000000
__Htext12                                         text12       000000
__Htext120                                        text120      000000
__Htext121                                        text121      000000
__Htext122                                        text122      000000
__Htext123                                        text123      000000
__Htext124                                        text124      000000
__Htext125                                        text125      000000
__Htext126                                        text126      000000
__Htext127                                        text127      000000
__Htext128                                        text128      000000
__Htext129                                        text129      000000
__Htext13                                         text13       000000
__Htext130                                        text130      000000
__Htext131                                        text131      000000
__Htext132                                        text132      000000
__Htext133                                        text133      000000
__Htext134                                        text134      000000
__Htext135                                        text135      000000
__Htext136                                        text136      000000
__Htext137                                        text137      000000
__Htext138                                        text138      000000
__Htext14                                         text14       000000
__Htext140                                        text140      000000
__Htext141                                        text141      000000
__Htext142                                        text142      000000
__Htext143                                        text143      000000
__Htext144                                        text144      000000
__Htext145                                        text145      000000
__Htext146                                        text146      000000
__Htext147                                        text147      000000
__Htext148                                        text148      000000
__Htext149                                        text149      000000
__Htext15                                         text15       000000
__Htext150                                        text150      000000
__Htext151                                        text151      000000
__Htext152                                        text152      000000
__Htext153                                        text153      000000
__Htext154                                        text154      000000
__Htext155                                        text155      000000
__Htext156                                        text156      000000
__Htext157                                        text157      000000
__Htext16                                         text16       000000
__Htext17                                         text17       000000
__Htext18                                         text18       000000
__Htext19                                         text19       000000
__Htext2                                          text2        000000
__Htext20                                         text20       000000
__Htext21                                         text21       000000
__Htext22                                         text22       000000
__Htext23                                         text23       000000
__Htext24                                         text24       000000
__Htext25                                         text25       000000
__Htext26                                         text26       000000
__Htext27                                         text27       000000
__Htext28                                         text28       000000
__Htext29                                         text29       000000
__Htext3                                          text3        000000
__Htext30                                         text30       000000
__Htext31                                         text31       000000
__Htext32                                         text32       000000
__Htext33                                         text33       000000
__Htext34                                         text34       000000
__Htext35                                         text35       000000
__Htext36                                         text36       000000
__Htext37                                         text37       000000
__Htext38                                         text38       000000
__Htext39                                         text39       000000
__Htext4                                          text4        000000
__Htext40                                         text40       000000
__Htext41                                         text41       000000
__Htext42                                         text42       000000
__Htext43                                         text43       000000
__Htext44                                         text44       000000
__Htext45                                         text45       000000
__Htext46                                         text46       000000
__Htext47                                         text47       000000
__Htext48                                         text48       000000
__Htext49                                         text49       000000
__Htext5                                          text5        000000
__Htext50                                         text50       000000
__Htext51                                         text51       000000
__Htext52                                         text52       000000
__Htext53                                         text53       000000
__Htext54                                         text54       000000
__Htext55                                         text55       000000
__Htext56                                         text56       000000
__Htext57                                         text57       000000
__Htext58                                         text58       000000
__Htext59                                         text59       000000
__Htext6                                          text6        000000
__Htext60                                         text60       000000
__Htext61                                         text61       000000
__Htext62                                         text62       000000
__Htext63                                         text63       000000
__Htext64                                         text64       000000
__Htext65                                         text65       000000
__Htext66                                         text66       000000
__Htext67                                         text67       000000
__Htext68                                         text68       000000
__Htext69                                         text69       000000
__Htext7                                          text7        000000
__Htext70                                         text70       000000
__Htext71                                         text71       000000
__Htext72                                         text72       000000
__Htext73                                         text73       000000
__Htext74                                         text74       000000
__Htext75                                         text75       000000
__Htext76                                         text76       000000
__Htext77                                         text77       000000
__Htext78                                         text78       000000
__Htext79                                         text79       000000
__Htext8                                          text8        000000
__Htext80                                         text80       000000
__Htext81                                         text81       000000
__Htext82                                         text82       000000
__Htext83                                         text83       000000
__Htext84                                         text84       000000
__Htext85                                         text85       000000
__Htext86                                         text86       000000
__Htext87                                         text87       000000
__Htext88                                         text88       000000
__Htext89                                         text89       000000
__Htext9                                          text9        000000
__Htext90                                         text90       000000
__Htext91                                         text91       000000
__Htext92                                         text92       000000
__Htext93                                         text93       000000
__Htext94                                         text94       000000
__Htext95                                         text95       000000
__Htext96                                         text96       000000
__Htext97                                         text97       000000
__Htext98                                         text98       000000
__Htext99                                         text99       000000
__LRAM                                            (abs)        000001
__Labs1                                           abs1         000000
__Lbank0                                          bank0        000000
__Lbank1                                          bank1        000000
__Lbank10                                         bank10       000000
__Lbank11                                         bank11       000000
__Lbank12                                         bank12       000000
__Lbank2                                          bank2        000000
__Lbank3                                          bank3        000000
__Lbank4                                          bank4        000000
__Lbank5                                          bank5        000000
__Lbank6                                          bank6        000000
__Lbank7                                          bank7        000000
__Lbank8                                          bank8        000000
__Lbank9                                          bank9        000000
__Lbigbss                                         bigbss       000000
__Lbigdata                                        bigdata      000000
__Lbigram                                         bigram       000000
__LbitbssCOMRAM                                   bitbssCOMRAM 000000
__Lbss                                            bss          000000
__LbssBANK0                                       bssBANK0     000000
__LbssBANK1                                       bssBANK1     000000
__LbssBANK2                                       bssBANK2     000000
__LbssCOMRAM                                      bssCOMRAM    000000
__Lcinit                                          cinit        000000
__Lclrtext                                        clrtext      000000
__Lcomram                                         comram       000000
__Lconfig                                         config       300000
__Lconst                                          const        000000
__LcstackBANK0                                    cstackBANK0  000000
__LcstackBANK1                                    cstackBANK1  000000
__LcstackCOMRAM                                   cstackCOMRAM 000000
__Ldata                                           data         000000
__LdataBANK0                                      dataBANK0    000000
__LdataBANK1                                      dataBANK1    000000
__LdataBANK2                                      dataBANK2    000000
__LdataBANK3                                      dataBANK3    000000
__LdataCOMRAM                                     dataCOMRAM   000000
__Leeprom_data                                    eeprom_data  F00000
__Lfarbss                                         farbss       000000
__Lfardata                                        fardata      000000
__Libigdata                                       ibigdata     000000
__Lidata                                          idata        000000
__LidataBANK0                                     idataBANK0   000000
__LidataBANK1                                     idataBANK1   000000
__LidataBANK2                                     idataBANK2   000000
__LidataBANK3                                     idataBANK3   000000
__LidataCOMRAM                                    idataCOMRAM  000000
__Lidloc                                          idloc        200000
__Lifardata                                       ifardata     000000
__Linit                                           init         00000E
__Lintcode                                        intcode      000008
__Lintcode_body                                   intcode_body 000000
__Lintcodelo                                      intcodelo    00000E
__Lintentry                                       intentry     000000
__Lintret                                         intret       000000
__Lintsave_regs                                   intsave_regs 000000
__Lirdata                                         irdata       000000
__Lmediumconst                                    mediumconst  00E8C2
__LnvFARRAM                                       nvFARRAM     000000
__Lnvbit                                          nvbit        000000
__Lnvrram                                         nvrram       000000
__Lparam                                          rparam       000000
__Lpowerup                                        powerup      00000E
__Lram                                            ram          000000
__Lramtop                                         ramtop       000D00
__Lrbit                                           rbit         000000
__Lrbss                                           rbss         000000
__Lrdata                                          rdata        000000
__Lreset_vec                                      reset_vec    000000
__Lrparam                                         rparam       000000
__Lsfr                                            sfr          000000
__Lsmallconst                                     smallconst   000000
__Lspace_0                                        (abs)        000000
__Lspace_1                                        (abs)        000000
__Lspace_2                                        (abs)        000000
__Lstack                                          stack        000000
__Lstruct                                         struct       000000
__Ltemp                                           temp         00005F
__Ltext                                           text         000000
__Ltext0                                          text0        000000
__Ltext1                                          text1        000000
__Ltext10                                         text10       000000
__Ltext100                                        text100      000000
__Ltext101                                        text101      000000
__Ltext102                                        text102      000000
__Ltext103                                        text103      000000
__Ltext104                                        text104      000000
__Ltext105                                        text105      000000
__Ltext106                                        text106      000000
[...]
Total ram usage:        6 bytes
 Hardware stack levels used:    1
 This function calls:
		Nothing
 This function is called by:
		_ISR
 This function uses a non-reentrant model


 *************** function _display *****************
 Defined at:
		line 21 in file "segment.c"
 Parameters:    Size  Location     Type
		None
 Auto vars:     Size  Location     Type
		None
 Return value:  Size  Location     Type
                  1    wreg      void 
 Registers used:
		wreg, fsr1l, fsr1h, fsr2l, fsr2h, status,2, status,0, tblptrl, tblptrh, tblptru, prodl, prodh, cstack
 Tracked objects:
		On entry : 
		On exit  : 
		Unchanged: 
 Data sizes:     COMRAM   BANK0   BANK1   BANK2   BANK3   BANK4   BANK5   BANK6   BANK7   BANK8   BANK9  BANK10  BANK11  BANK12
      Params:         0       0       0       0       0       0       0       0       0       0       0       0       0       0
      Locals:         0       0       0       0       0       0       0       0       0       0       0       0       0       0
      Temps:          0       0       0       0       0       0       0       0       0       0       0       0       0       0
      Totals:         0       0       0       0       0       0       0       0       0       0       0       0       0       0
Total ram usage:        0 bytes
 Hardware stack levels used:    1
 Hardware stack levels required when called:    2
 This function calls:
		_displayDigits
		_displayString
 This function is called by:
		_ISR
 This function uses a non-reentrant model


 *************** function _displayString *****************
 Defined at:
		line 164 in file "segment.c"
 Parameters:    Size  Location     Type
		None
 Auto vars:     Size  Location     Type
  i               1    1[COMRAM] unsigned char 
 Return value:  Size  Location     Type
                  1    wreg      void 
 Registers used:
		wreg, fsr1l, fsr1h, fsr2l, fsr2h, status,2, status,0, tblptrl, tblptrh, tblptru, prodl, prodh
 Tracked objects:
		On entry : 
		On exit  : 
		Unchanged: 
 Data sizes:     COMRAM   BANK0   BANK1   BANK2   BANK3   BANK4   BANK5   BANK6   BANK7   BANK8   BANK9  BANK10  BANK11  BANK12
      Params:         0       0       0       0       0       0       0       0       0       0       0       0       0       0
      Locals:         1       0       0       0       0       0       0       0       0       0       0       0       0       0
      Temps:          1       0       0       0       0       0       0       0       0       0       0       0       0       0
      Totals:         2       0       0       0       0       0       0       0       0       0       0       0       0       0
Total ram usage:        2 bytes
 Hardware stack levels used:    1
 This function calls:
		Nothing
 This function is called by:
		_display
 This function uses a non-reentrant model


 *************** function _displayDigits *****************
 Defined at:
		line 54 in file "segment.c"
 Parameters:    Size  Location     Type
		None
 Auto vars:     Size  Location     Type
  highByte        1   24[COMRAM] unsigned char 
  lowByte         1   23[COMRAM] unsigned char 
 Return value:  Size  Location     Type
                  1    wreg      void 
 Registers used:
		wreg, status,2, status,0, tblptrl, tblptrh, tblptru, prodl, prodh, cstack
 Tracked objects:
		On entry : 
		On exit  : 
		Unchanged: 
 Data sizes:     COMRAM   BANK0   BANK1   BANK2   BANK3   BANK4   BANK5   BANK6   BANK7   BANK8   BANK9  BANK10  BANK11  BANK12
      Params:         0       0       0       0       0       0       0       0       0       0       0       0       0       0
      Locals:         2       0       0       0       0       0       0       0       0       0       0       0       0       0
      Temps:          3       0       0       0       0       0       0       0       0       0       0       0       0       0
      Totals:         5       0       0       0       0       0       0       0       0       0       0       0       0       0
Total ram usage:        5 bytes
 Hardware stack levels used:    1
 Hardware stack levels required when called:    1
 This function calls:
		i2___awdiv
		i2___awmod
 This function is called by:
		_display
 This function uses a non-reentrant model


 *************** function i2___awmod *****************
 Defined at:
		line 8 in file "C:\Program Files (x86)\Microchip\xc8\v1.45\sources\common\awmod.c"
 Parameters:    Size  Location     Type
  dividend        2   14[COMRAM] int 
  divisor         2   16[COMRAM] int 
 Auto vars:     Size  Location     Type
  __awmod         1   19[COMRAM] unsigned char 
  __awmod         1   18[COMRAM] unsigned char 
 Return value:  Size  Location     Type
                  2   14[COMRAM] int 
 Registers used:
		wreg, status,2, status,0
 Tracked objects:
		On entry : 
		On exit  : 
		Unchanged: 
 Data sizes:     COMRAM   BANK0   BANK1   BANK2   BANK3   BANK4   BANK5   BANK6   BANK7   BANK8   BANK9  BANK10  BANK11  BANK12
      Params:         4       0       0       0       0       0       0       0       0       0       0       0       0       0
      Locals:         2       0       0       0       0       0       0       0       0       0       0       0       0       0
      Temps:          0       0       0       0       0       0       0       0       0       0       0       0       0       0
      Totals:         6       0       0       0       0       0       0       0       0       0       0       0       0       0
Total ram usage:        6 bytes
 Hardware stack levels used:    1
 This function calls:
		Nothing
 This function is called by:
		_displayDigits
		_playArpeggio
		i2_random_pitches
		i2_random_pitches_non_repeating
 This function uses a non-reentrant model


 *************** function i2___awdiv *****************
 Defined at:
		line 8 in file "C:\Program Files (x86)\Microchip\xc8\v1.45\sources\common\awdiv.c"
 Parameters:    Size  Location     Type
  dividend        2    0[COMRAM] int 
  divisor         2    2[COMRAM] int 
 Auto vars:     Size  Location     Type
  __awdiv         2    6[COMRAM] int 
  __awdiv         1    5[COMRAM] unsigned char 
  __awdiv         1    4[COMRAM] unsigned char 
 Return value:  Size  Location     Type
                  2    0[COMRAM] int 
 Registers used:
		wreg, status,2, status,0
 Tracked objects:
		On entry : 
		On exit  : 
		Unchanged: 
 Data sizes:     COMRAM   BANK0   BANK1   BANK2   BANK3   BANK4   BANK5   BANK6   BANK7   BANK8   BANK9  BANK10  BANK11  BANK12
      Params:         4       0       0       0       0       0       0       0       0       0       0       0       0       0
      Locals:         4       0       0       0       0       0       0       0       0       0       0       0       0       0
      Temps:          0       0       0       0       0       0       0       0       0       0       0       0       0       0
      Totals:         8       0       0       0       0       0       0       0       0       0       0       0       0       0
Total ram usage:        8 bytes
 Hardware stack levels used:    1
 This function calls:
		Nothing
 This function is called by:
		_displayDigits
 This function uses a non-reentrant model



MODULE INFORMATION

Module		Function		Class		Link	Load	Size
C:\Program Files (x86)\Microchip\xc8\v1.45\sources\common\sprcdiv.c
		___fldiv       		CODE           	3834	0000	695

C:\Program Files (x86)\Microchip\xc8\v1.45\sources\common\sprcdiv.c estimated size: 695

octave.c
		_processOctave 		CODE           	352C	0000	777
		_keyboardTranspose		CODE           	42E8	0000	679
		_doTheLatch    		CODE           	955C	0000	33
		_doTheUnLatch  		CODE           	5076	0000	449
		_printThisNumber		CODE           	9616	0000	19

octave.c estimated size: 1957

drum.c
		_processDrumpad		CODE           	1C66	0000	1303

drum.c estimated size: 1303

C:\Program Files (x86)\Microchip\xc8\v1.45\sources\common\Umul16.c
		___wmul        		CODE           	94CC	0000	41

C:\Program Files (x86)\Microchip\xc8\v1.45\sources\common\Umul16.c estimated size: 41

C:\Program Files (x86)\Microchip\xc8\v1.45\sources\pic18\plib\EEP\busy_eep.c
		_Busy_eep      		CODE           	9662	0000	7

C:\Program Files (x86)\Microchip\xc8\v1.45\sources\pic18\plib\EEP\busy_eep.c estimated size: 7

potentiometers.c
		_map           		CODE           	67FE	0000	231
		_processPotentiometers		CODE           	3D98	0000	681
		_readPotentiometers		CODE           	114C	0000	1537
		_calculate_alpha		CODE           	8F24	0000	75

potentiometers.c estimated size: 2524

C:\Program Files (x86)\Microchip\xc8\v1.45\sources\common\sprcadd.c
		___fladd       		CODE           	31EE	0000	831

C:\Program Files (x86)\Microchip\xc8\v1.45\sources\common\sprcadd.c estimated size: 831

C:\Program Files (x86)\Microchip\xc8\v1.45\sources\common\awmod.c
		___awmod       		CODE           	8526	0000	115

C:\Program Files (x86)\Microchip\xc8\v1.45\sources\common\awmod.c estimated size: 115

eeprom.c
		_selectSlotOnBoot		CODE           	953C	0000	33
		_loadFromEEPROM		CODE           	4A48	0000	569
		_saveToEEPROM  		CODE           	4E82	0000	501
		_initializeSaveSlotsOnce		CODE           	8F6E	0000	75

eeprom.c estimated size: 1178

adc.c
		_ADC_Initialize		CODE           	95EE	0000	21
		_ADC_Read      		CODE           	9216	0000	57

adc.c estimated size: 78

arpeggio.c
		_calculate_pulse_length		CODE           	5CF4	0000	351
		_key_press_release_note_off		CODE           	5B92	0000	355
		_wait_one_pulse		CODE           	9400	0000	43
		_add_notes_to_arpeggio		CODE           	651E	0000	255
		_playArpeggio  		CODE           	0A42	0000	1803
		_random_pitches_non_repeating		CODE           	7BEA	0000	133
		_setupArpeggio 		CODE           	81E0	0000	125
		_sort_pitches  		CODE           	61F6	0000	283
		_findArrayIndex		CODE           	9166	0000	61
		_copy_array    		CODE           	88EA	0000	99
		_finish_arpeggio_setup		CODE           	957C	0000	31
		_random_pitches		CODE           	8AC4	0000	93
		_delete_notes_from_arpeggio		CODE           	92E8	0000	51
		_resetArpeggio 		CODE           	912A	0000	61
		_rotateArrayLeft		CODE           	83CA	0000	121

arpeggio.c estimated size: 3865

C:\Program Files (x86)\Microchip\xc8\v1.45\sources\common\Umul32.c
		___lmul        		CODE           	8C8C	0000	89

C:\Program Files (x86)\Microchip\xc8\v1.45\sources\common\Umul32.c estimated size: 89

C:\Program Files (x86)\Microchip\xc8\v1.45\sources\common\rand.c
		_srand         		CODE           	963A	0000	17
		_rand          		CODE           	8B20	0000	93

C:\Program Files (x86)\Microchip\xc8\v1.45\sources\common\rand.c estimated size: 110

C:\Program Files (x86)\Microchip\xc8\v1.45\sources\common\fltol.c
		___fltol       		CODE           	69C6	0000	223

C:\Program Files (x86)\Microchip\xc8\v1.45\sources\common\fltol.c estimated size: 223

shared
		i2_sendOut     		CODE           	95B8	0000	29
		_diatonic_major		MEDIUMCONST    	F310	0000	46
		_diatonic_minor		MEDIUMCONST    	F2E3	0000	46
		i2_noteOn      		CODE           	8B7C	0000	93
		i2_noteOff     		CODE           	91A2	0000	61
		_LCD_STRINGS   		MEDIUMCONST    	F39E	0000	2398
		_lydian_key    		MEDIUMCONST    	FD28	0000	16
		ascii@LCD_STRINGS		MEDIUMCONST    	0000	0000	0
		i2_sendUSB     		CODE           	755A	0000	155
		i2___lbmod     		CODE           	942A	0000	43
		_ionian_key    		MEDIUMCONST    	FD55	0000	16
		i2_rand        		CODE           	8DE4	0000	85
		_major_key     		MEDIUMCONST    	F378	0000	16
		i2_printThisNumber		CODE           	9628	0000	19
		_pentatonic_major_key		MEDIUMCONST    	F392	0000	12
		_dorian_key    		MEDIUMCONST    	FD46	0000	16
		_pentatonic_minor_key		MEDIUMCONST    	F387	0000	12
		i2___awdiv     		CODE           	7C6E	0000	133
		_seg_ascii     		MEDIUMCONST    	F220	0000	76
		_phrygian_key  		MEDIUMCONST    	FD37	0000	16
		_aeolian_key   		MEDIUMCONST    	FD0A	0000	16
		_mixolydian_key		MEDIUMCONST    	FD19	0000	16
		__initialization		CODE           	6716	0000	219
		_diatonic_seventh_minor		MEDIUMCONST    	F26B	0000	61
		i2___lmul      		CODE           	8D3A	0000	87
		i2___awmod     		CODE           	8608	0000	113
		_minor_key     		MEDIUMCONST    	F369	0000	16
		_ttable        		MEDIUMCONST    	F33D	0000	29
		i2_random_pitches_non_repeating		CODE           	7CF2	0000	131
		i2_random_pitches		CODE           	8C32	0000	91
		_locrian_key   		MEDIUMCONST    	FCFB	0000	16
		_seg_bcd_hex   		MEDIUMCONST    	F359	0000	17
		_diatonic_seventh_major		MEDIUMCONST    	F2A7	0000	61
		_MAX_NUM_NOTES 		MEDIUMCONST    	F39D	0000	2

shared estimated size: 4163

segment.c
		_display       		CODE           	9602	0000	21
		_displayTest   		CODE           	7FEE	0000	127
		_displayString 		CODE           	661C	0000	251
		_displayDigits 		CODE           	4040	0000	681

segment.c estimated size: 1080

C:\Program Files (x86)\Microchip\xc8\v1.45\sources\pic18\plib\EEP\read_B.c
		_Read_b_eep    		CODE           	95D4	0000	27

C:\Program Files (x86)\Microchip\xc8\v1.45\sources\pic18\plib\EEP\read_B.c estimated size: 27

menu.c
		_eepromExit    		CODE           	90EE	0000	61
		_Function_A    		CODE           	7F70	0000	127
		_Function_B    		CODE           	7D74	0000	129
		_Function_C    		CODE           	7950	0000	137
		_Function_D    		CODE           	7A5E	0000	133
		_Function_E    		CODE           	8598	0000	113
		_Function_F    		CODE           	86E4	0000	107
		_Function_G    		CODE           	768C	0000	149
		_Function_H    		CODE           	6E5C	0000	173
		_exitSave      		CODE           	90B2	0000	61
		_Function_A_1  		CODE           	80E8	0000	125
		_Function_C_1  		CODE           	7720	0000	149
		_Function_D_1  		CODE           	78C8	0000	137
		_Function_A_2  		CODE           	806C	0000	125
		_Function_E_1  		CODE           	8ED6	0000	79
		_Function_C_2  		CODE           	60CE	0000	297
		_Function_G_1  		CODE           	72DE	0000	163
		_Function_D_2  		CODE           	894C	0000	97
		_Function_H_1  		CODE           	74C0	0000	155
		_Function_A_3  		CODE           	7AE2	0000	133
		_Function_E_2  		CODE           	8E88	0000	79
		_Function_C_3  		CODE           	5FA6	0000	297
		_Function_G_2  		CODE           	723C	0000	163
		_Function_D_3  		CODE           	82D8	0000	123
		_Function_H_2  		CODE           	87B8	0000	105
		_Function_G_3  		CODE           	8A68	0000	93
		_Function_D_4  		CODE           	7EF2	0000	127
		_Function_H_3  		CODE           	8A0C	0000	93
		_Function_G_4  		CODE           	7422	0000	159
		_Function_D_5  		CODE           	7E74	0000	127
		_Function_H_4  		CODE           	6C46	0000	185
		_Function_H_5  		CODE           	6DAE	0000	175
		_Function_H_6  		CODE           	84B4	0000	115
		_Function_H_7  		CODE           	6CFE	0000	177
		_Function_H_8  		CODE           	8442	0000	115
		_Function_H_9  		CODE           	75F4	0000	153
		_setControllerNumbers		CODE           	217C	0000	1273
		_Function_H_6_1		CODE           	7840	0000	137
		_Function_H_8_1		CODE           	8352	0000	121
		_Function_H_9_1		CODE           	719A	0000	163
		_Function_H_6_2		CODE           	6F08	0000	173
		_Function_H_8_2		CODE           	8820	0000	103
		_Function_H_9_2		CODE           	70F8	0000	163
		_Function_H_9_3		CODE           	7056	0000	163
		_Function_H_9_4		CODE           	6FB4	0000	163
		_exitLoad      		CODE           	9076	0000	61
		_exitFunction  		CODE           	903A	0000	61
		_initializeMenuArray		CODE           	4C80	0000	515
		_setControllerResolution		CODE           	93D4	0000	45
		_menu_lcd      		CODE           	68E4	0000	227
		_clear_row1    		CODE           	94A4	0000	41
		_clear_row2    		CODE           	947C	0000	41
		_int2string    		CODE           	6AA4	0000	213

menu.c estimated size: 8599

C:\Program Files (x86)\Microchip\xc8\v1.45\sources\common\awdiv.c
		___awdiv       		CODE           	79D8	0000	135

C:\Program Files (x86)\Microchip\xc8\v1.45\sources\common\awdiv.c estimated size: 135

lcd.c
		_Lcd_Cmd       		CODE           	94F4	0000	39
		_Lcd_SetBit    		CODE           	934A	0000	49
		_Lcd_Start     		CODE           	77B4	0000	141
		_Lcd_Set_Cursor		CODE           	8BD8	0000	91
		_Lcd_Clear     		CODE           	964A	0000	15
		_Lcd_Print_String		CODE           	8164	0000	125
		_Lcd_Print_Char		CODE           	7B66	0000	133

lcd.c estimated size: 593

C:\Program Files (x86)\Microchip\xc8\v1.45\sources\common\lbmod.c
		___lbmod       		CODE           	937A	0000	47

C:\Program Files (x86)\Microchip\xc8\v1.45\sources\common\lbmod.c estimated size: 47

encoder.c
		_processEncoderBuxton		CODE           	0012	0000	2609
		_encoderInputsBuxton		CODE           	7DF4	0000	129

encoder.c estimated size: 2738

midi.c
		_pitchBend     		CODE           	924E	0000	53
		_noteOff       		CODE           	8FFA	0000	65
		_noteOffDrum   		CODE           	91DE	0000	57
		_sendUSB       		CODE           	7380	0000	163
		_sendOut       		CODE           	959A	0000	31
		_controlChange 		CODE           	9282	0000	53
		_programChange 		CODE           	93A8	0000	45
		_noteOnDrum    		CODE           	8CE4	0000	87
		_noteOn        		CODE           	89AC	0000	97

midi.c estimated size: 651

C:\Program Files (x86)\Microchip\xc8\v1.45\sources\common\xxtofl.c
		___xxtofl      		CODE           	5E52	0000	341

C:\Program Files (x86)\Microchip\xc8\v1.45\sources\common\xxtofl.c estimated size: 341

C:\Program Files (x86)\Microchip\xc8\v1.45\sources\common\aldiv.c
		___aldiv       		CODE           	6B78	0000	207

C:\Program Files (x86)\Microchip\xc8\v1.45\sources\common\aldiv.c estimated size: 207

C:\Program Files (x86)\Microchip\xc8\v1.45\sources\pic18\plib\EEP\write_B.c
		_Write_b_eep   		CODE           	8FB8	0000	67

C:\Program Files (x86)\Microchip\xc8\v1.45\sources\pic18\plib\EEP\write_B.c estimated size: 67

C:\Program Files (x86)\Microchip\xc8\v1.45\sources\common\flneg.c
		___flneg       		CODE           	931A	0000	49

C:\Program Files (x86)\Microchip\xc8\v1.45\sources\common\flneg.c estimated size: 49

main.c
		_clock         		CODE           	966E	0000	7
		_ISR           		CODE           	0008	0000	415
		_buttonInputsSerial		CODE           	825C	0000	125
		_main          		CODE           	6310	0000	267
		_panic_button  		CODE           	951A	0000	35
		_load          		CODE           	9668	0000	7
		_digitalInputs 		CODE           	8D90	0000	85
		_analogInputs  		CODE           	9674	0000	7
		_setup         		CODE           	8886	0000	101

main.c estimated size: 1049

C:\Program Files (x86)\Microchip\xc8\v1.45\sources\common\strcpy.c
		_strcpy        		CODE           	92B6	0000	51

C:\Program Files (x86)\Microchip\xc8\v1.45\sources\common\strcpy.c estimated size: 51

C:\Program Files (x86)\Microchip\xc8\v1.45\sources\common\sprcmul.c
		___flmul       		CODE           	2E9C	0000	851

C:\Program Files (x86)\Microchip\xc8\v1.45\sources\common\sprcmul.c estimated size: 851

keyboard.c
		_keyboard_eight_note_efficient		CODE           	2A9A	0000	1027
		_playTriad     		CODE           	5A12	0000	385
		_playDiatonicTriadMajor		CODE           	56F4	0000	401
		_playDiatonicSeventhMajor		CODE           	5562	0000	403
		_keyboard_all_note_efficient		CODE           	174C	0000	1307
		_keyboard_sharps_only_efficient		CODE           	3AEA	0000	687
		_playSeventh   		CODE           	5884	0000	399
		_processKeyboard		CODE           	8678	0000	109
		_playThisNotePentatonic		CODE           	53CE	0000	405
		_playThisNote  		CODE           	641A	0000	261
		_playThisNote8 		CODE           	2674	0000	1063
		_playDiatonicTriadMinor		CODE           	458E	0000	607
		_playDiatonicSeventhMinor		CODE           	47EC	0000	605

keyboard.c estimated size: 7659

